Component: ARM Compiler 5.05 update 1 (build 106) Tool: armlink [4d0efa]

==============================================================================

Section Cross References

    startup_stm32f10x_hd.o(RESET) refers to startup_stm32f10x_hd.o(STACK) for __initial_sp
    startup_stm32f10x_hd.o(RESET) refers to startup_stm32f10x_hd.o(.text) for Reset_Handler
    startup_stm32f10x_hd.o(RESET) refers to stm32f10x_it.o(i.NMI_Handler) for NMI_Handler
    startup_stm32f10x_hd.o(RESET) refers to stm32f10x_it.o(i.HardFault_Handler) for HardFault_Handler
    startup_stm32f10x_hd.o(RESET) refers to stm32f10x_it.o(i.MemManage_Handler) for MemManage_Handler
    startup_stm32f10x_hd.o(RESET) refers to stm32f10x_it.o(i.BusFault_Handler) for BusFault_Handler
    startup_stm32f10x_hd.o(RESET) refers to stm32f10x_it.o(i.UsageFault_Handler) for UsageFault_Handler
    startup_stm32f10x_hd.o(RESET) refers to stm32f10x_it.o(i.SVC_Handler) for SVC_Handler
    startup_stm32f10x_hd.o(RESET) refers to stm32f10x_it.o(i.DebugMon_Handler) for DebugMon_Handler
    startup_stm32f10x_hd.o(RESET) refers to stm32f10x_it.o(i.PendSV_Handler) for PendSV_Handler
    startup_stm32f10x_hd.o(RESET) refers to stm32f10x_it.o(i.SysTick_Handler) for SysTick_Handler
    startup_stm32f10x_hd.o(RESET) refers to main.o(i.TIM2_IRQHandler) for TIM2_IRQHandler
    startup_stm32f10x_hd.o(RESET) refers to encoder.o(i.TIM4_IRQHandler) for TIM4_IRQHandler
    startup_stm32f10x_hd.o(.text) refers to system_stm32f10x.o(i.SystemInit) for SystemInit
    startup_stm32f10x_hd.o(.text) refers to entry.o(.ARM.Collect$$$$00000000) for __main
    main.o(i.TIM2_IRQHandler) refers to stm32f10x_tim.o(i.TIM_GetITStatus) for TIM_GetITStatus
    main.o(i.TIM2_IRQHandler) refers to encoder.o(i.calc_motor_rotate_speed) for calc_motor_rotate_speed
    main.o(i.TIM2_IRQHandler) refers to stm32f10x_tim.o(i.TIM_ClearITPendingBit) for TIM_ClearITPendingBit
    main.o(i.main) refers to pidencoder.o(i.PID_Init) for PID_Init
    main.o(i.main) refers to oled.o(i.I2C_configuration) for I2C_configuration
    main.o(i.main) refers to gpio_iicoled.o(i.OLED_Init) for OLED_Init
    main.o(i.main) refers to systick.o(i.MS_delay) for MS_delay
    main.o(i.main) refers to misc.o(i.NVIC_PriorityGroupConfig) for NVIC_PriorityGroupConfig
    main.o(i.main) refers to encoder.o(i.TIM4_ENCODER_Init) for TIM4_ENCODER_Init
    main.o(i.main) refers to encodertim.o(i.TIM2_Int_Init) for TIM2_Int_Init
    main.o(i.main) refers to iopwm.o(i.TIM3_PWM_Init) for TIM3_PWM_Init
    main.o(i.main) refers to stm32f10x_tim.o(i.TIM_SetCompare1) for TIM_SetCompare1
    main.o(i.main) refers to stm32f10x_tim.o(i.TIM_SetCompare2) for TIM_SetCompare2
    main.o(i.main) refers to gpio_iicoled.o(i.OLED_clear) for OLED_clear
    usart.o(i.USARTsendByte) refers to stm32f10x_usart.o(i.USART_SendData) for USART_SendData
    usart.o(i.USARTsendByte) refers to stm32f10x_usart.o(i.USART_GetFlagStatus) for USART_GetFlagStatus
    usart.o(i.USARTsendStr) refers to usart.o(i.USARTsendByte) for USARTsendByte
    usart.o(i.USARTsendStr) refers to stm32f10x_usart.o(i.USART_GetFlagStatus) for USART_GetFlagStatus
    usart.o(i.fgetc) refers to stm32f10x_usart.o(i.USART_GetFlagStatus) for USART_GetFlagStatus
    usart.o(i.fgetc) refers to stm32f10x_usart.o(i.USART_ReceiveData) for USART_ReceiveData
    usart.o(i.fputc) refers to stm32f10x_usart.o(i.USART_SendData) for USART_SendData
    usart.o(i.fputc) refers to stm32f10x_usart.o(i.USART_GetFlagStatus) for USART_GetFlagStatus
    usart.o(i.usart_Init) refers to misc.o(i.NVIC_PriorityGroupConfig) for NVIC_PriorityGroupConfig
    usart.o(i.usart_Init) refers to stm32f10x_rcc.o(i.RCC_APB2PeriphClockCmd) for RCC_APB2PeriphClockCmd
    usart.o(i.usart_Init) refers to stm32f10x_gpio.o(i.GPIO_Init) for GPIO_Init
    usart.o(i.usart_Init) refers to stm32f10x_usart.o(i.USART_Init) for USART_Init
    usart.o(i.usart_Init) refers to stm32f10x_usart.o(i.USART_ITConfig) for USART_ITConfig
    usart.o(i.usart_Init) refers to stm32f10x_usart.o(i.USART_Cmd) for USART_Cmd
    usart.o(i.usart_Init) refers to misc.o(i.NVIC_Init) for NVIC_Init
    gpio_iicoled.o(i.GPIO_IicoledInit) refers to stm32f10x_rcc.o(i.RCC_APB2PeriphClockCmd) for RCC_APB2PeriphClockCmd
    gpio_iicoled.o(i.GPIO_IicoledInit) refers to stm32f10x_gpio.o(i.GPIO_Init) for GPIO_Init
    gpio_iicoled.o(i.GPIO_IicoledInit) refers to stm32f10x_gpio.o(i.GPIO_SetBits) for GPIO_SetBits
    gpio_iicoled.o(i.IIC_Wait_Ack) refers to stm32f10x_gpio.o(i.GPIO_ResetBits) for GPIO_ResetBits
    gpio_iicoled.o(i.IIC_Wait_Ack) refers to gpio_iicoled.o(i.delay_u) for delay_u
    gpio_iicoled.o(i.IIC_Wait_Ack) refers to stm32f10x_gpio.o(i.GPIO_SetBits) for GPIO_SetBits
    gpio_iicoled.o(i.IIC_Wait_Ack) refers to stm32f10x_gpio.o(i.GPIO_ReadInputDataBit) for GPIO_ReadInputDataBit
    gpio_iicoled.o(i.OLED_Display_off) refers to gpio_iicoled.o(i.OLED_WR_Byte) for OLED_WR_Byte
[...]
    sys.o(i.NVIC_Configuration) refers to misc.o(i.NVIC_PriorityGroupConfig) for NVIC_PriorityGroupConfig
    oled.o(i.I2C_WriteByte) refers to stm32f10x_i2c.o(i.I2C_GetFlagStatus) for I2C_GetFlagStatus
    oled.o(i.I2C_WriteByte) refers to stm32f10x_i2c.o(i.I2C_GenerateSTART) for I2C_GenerateSTART
    oled.o(i.I2C_WriteByte) refers to stm32f10x_i2c.o(i.I2C_CheckEvent) for I2C_CheckEvent
    oled.o(i.I2C_WriteByte) refers to stm32f10x_i2c.o(i.I2C_Send7bitAddress) for I2C_Send7bitAddress
    oled.o(i.I2C_WriteByte) refers to stm32f10x_i2c.o(i.I2C_SendData) for I2C_SendData
    oled.o(i.I2C_WriteByte) refers to stm32f10x_i2c.o(i.I2C_GenerateSTOP) for I2C_GenerateSTOP
    oled.o(i.I2C_configuration) refers to stm32f10x_rcc.o(i.RCC_APB2PeriphClockCmd) for RCC_APB2PeriphClockCmd
    oled.o(i.I2C_configuration) refers to stm32f10x_rcc.o(i.RCC_APB1PeriphClockCmd) for RCC_APB1PeriphClockCmd
    oled.o(i.I2C_configuration) refers to stm32f10x_gpio.o(i.GPIO_Init) for GPIO_Init
    oled.o(i.I2C_configuration) refers to stm32f10x_i2c.o(i.I2C_DeInit) for I2C_DeInit
    oled.o(i.I2C_configuration) refers to stm32f10x_i2c.o(i.I2C_Init) for I2C_Init
    oled.o(i.I2C_configuration) refers to stm32f10x_i2c.o(i.I2C_Cmd) for I2C_Cmd
    oled.o(i.WriteCmd) refers to oled.o(i.I2C_WriteByte) for I2C_WriteByte
    oled.o(i.WriteDat) refers to oled.o(i.I2C_WriteByte) for I2C_WriteByte
    system_stm32f10x.o(i.SetSysClock) refers to system_stm32f10x.o(i.SetSysClockTo72) for SetSysClockTo72
    system_stm32f10x.o(i.SystemCoreClockUpdate) refers to system_stm32f10x.o(.data) for SystemCoreClock
    system_stm32f10x.o(i.SystemInit) refers to system_stm32f10x.o(i.SetSysClock) for SetSysClock
    stm32f10x_adc.o(i.ADC_DeInit) refers to stm32f10x_rcc.o(i.RCC_APB2PeriphResetCmd) for RCC_APB2PeriphResetCmd
    stm32f10x_bkp.o(i.BKP_DeInit) refers to stm32f10x_rcc.o(i.RCC_BackupResetCmd) for RCC_BackupResetCmd
    stm32f10x_can.o(i.CAN_DeInit) refers to stm32f10x_rcc.o(i.RCC_APB1PeriphResetCmd) for RCC_APB1PeriphResetCmd
    stm32f10x_can.o(i.CAN_GetITStatus) refers to stm32f10x_can.o(i.CheckITStatus) for CheckITStatus
    stm32f10x_cec.o(i.CEC_DeInit) refers to stm32f10x_rcc.o(i.RCC_APB1PeriphResetCmd) for RCC_APB1PeriphResetCmd
    stm32f10x_dac.o(i.DAC_DeInit) refers to stm32f10x_rcc.o(i.RCC_APB1PeriphResetCmd) for RCC_APB1PeriphResetCmd
    stm32f10x_gpio.o(i.GPIO_AFIODeInit) refers to stm32f10x_rcc.o(i.RCC_APB2PeriphResetCmd) for RCC_APB2PeriphResetCmd
    stm32f10x_gpio.o(i.GPIO_DeInit) refers to stm32f10x_rcc.o(i.RCC_APB2PeriphResetCmd) for RCC_APB2PeriphResetCmd
    stm32f10x_i2c.o(i.I2C_DeInit) refers to stm32f10x_rcc.o(i.RCC_APB1PeriphResetCmd) for RCC_APB1PeriphResetCmd
    stm32f10x_i2c.o(i.I2C_Init) refers to stm32f10x_rcc.o(i.RCC_GetClocksFreq) for RCC_GetClocksFreq
    stm32f10x_pwr.o(i.PWR_DeInit) refers to stm32f10x_rcc.o(i.RCC_APB1PeriphResetCmd) for RCC_APB1PeriphResetCmd
    stm32f10x_rcc.o(i.RCC_GetClocksFreq) refers to stm32f10x_rcc.o(.data) for APBAHBPrescTable
    stm32f10x_rcc.o(i.RCC_WaitForHSEStartUp) refers to stm32f10x_rcc.o(i.RCC_GetFlagStatus) for RCC_GetFlagStatus
    stm32f10x_rtc.o(i.RTC_SetAlarm) refers to stm32f10x_rtc.o(i.RTC_EnterConfigMode) for RTC_EnterConfigMode
    stm32f10x_rtc.o(i.RTC_SetAlarm) refers to stm32f10x_rtc.o(i.RTC_ExitConfigMode) for RTC_ExitConfigMode
    stm32f10x_rtc.o(i.RTC_SetCounter) refers to stm32f10x_rtc.o(i.RTC_EnterConfigMode) for RTC_EnterConfigMode
    stm32f10x_rtc.o(i.RTC_SetCounter) refers to stm32f10x_rtc.o(i.RTC_ExitConfigMode) for RTC_ExitConfigMode
    stm32f10x_rtc.o(i.RTC_SetPrescaler) refers to stm32f10x_rtc.o(i.RTC_EnterConfigMode) for RTC_EnterConfigMode
    stm32f10x_rtc.o(i.RTC_SetPrescaler) refers to stm32f10x_rtc.o(i.RTC_ExitConfigMode) for RTC_ExitConfigMode
    stm32f10x_spi.o(i.I2S_Init) refers to stm32f10x_rcc.o(i.RCC_GetClocksFreq) for RCC_GetClocksFreq
    stm32f10x_spi.o(i.SPI_I2S_DeInit) refers to stm32f10x_rcc.o(i.RCC_APB2PeriphResetCmd) for RCC_APB2PeriphResetCmd
    stm32f10x_spi.o(i.SPI_I2S_DeInit) refers to stm32f10x_rcc.o(i.RCC_APB1PeriphResetCmd) for RCC_APB1PeriphResetCmd
    stm32f10x_tim.o(i.TIM_DeInit) refers to stm32f10x_rcc.o(i.RCC_APB2PeriphResetCmd) for RCC_APB2PeriphResetCmd
    stm32f10x_tim.o(i.TIM_DeInit) refers to stm32f10x_rcc.o(i.RCC_APB1PeriphResetCmd) for RCC_APB1PeriphResetCmd
    stm32f10x_tim.o(i.TIM_ETRClockMode1Config) refers to stm32f10x_tim.o(i.TIM_ETRConfig) for TIM_ETRConfig
    stm32f10x_tim.o(i.TIM_ETRClockMode2Config) refers to stm32f10x_tim.o(i.TIM_ETRConfig) for TIM_ETRConfig
    stm32f10x_tim.o(i.TIM_ICInit) refers to stm32f10x_tim.o(i.TI1_Config) for TI1_Config
    stm32f10x_tim.o(i.TIM_ICInit) refers to stm32f10x_tim.o(i.TIM_SetIC1Prescaler) for TIM_SetIC1Prescaler
    stm32f10x_tim.o(i.TIM_ICInit) refers to stm32f10x_tim.o(i.TI2_Config) for TI2_Config
    stm32f10x_tim.o(i.TIM_ICInit) refers to stm32f10x_tim.o(i.TIM_SetIC2Prescaler) for TIM_SetIC2Prescaler
    stm32f10x_tim.o(i.TIM_ICInit) refers to stm32f10x_tim.o(i.TI3_Config) for TI3_Config
    stm32f10x_tim.o(i.TIM_ICInit) refers to stm32f10x_tim.o(i.TIM_SetIC3Prescaler) for TIM_SetIC3Prescaler
    stm32f10x_tim.o(i.TIM_ICInit) refers to stm32f10x_tim.o(i.TI4_Config) for TI4_Config
    stm32f10x_tim.o(i.TIM_ICInit) refers to stm32f10x_tim.o(i.TIM_SetIC4Prescaler) for TIM_SetIC4Prescaler
    stm32f10x_tim.o(i.TIM_ITRxExternalClockConfig) refers to stm32f10x_tim.o(i.TIM_SelectInputTrigger) for TIM_SelectInputTrigger
    stm32f10x_tim.o(i.TIM_PWMIConfig) refers to stm32f10x_tim.o(i.TI1_Config) for TI1_Config
    stm32f10x_tim.o(i.TIM_PWMIConfig) refers to stm32f10x_tim.o(i.TIM_SetIC1Prescaler) for TIM_SetIC1Prescaler
    stm32f10x_tim.o(i.TIM_PWMIConfig) refers to stm32f10x_tim.o(i.TI2_Config) for TI2_Config
    stm32f10x_tim.o(i.TIM_PWMIConfig) refers to stm32f10x_tim.o(i.TIM_SetIC2Prescaler) for TIM_SetIC2Prescaler
    stm32f10x_tim.o(i.TIM_TIxExternalClockConfig) refers to stm32f10x_tim.o(i.TI2_Config) for TI2_Config
    stm32f10x_tim.o(i.TIM_TIxExternalClockConfig) refers to stm32f10x_tim.o(i.TI1_Config) for TI1_Config
    stm32f10x_tim.o(i.TIM_TIxExternalClockConfig) refers to stm32f10x_tim.o(i.TIM_SelectInputTrigger) for TIM_SelectInputTrigger
    stm32f10x_usart.o(i.USART_DeInit) refers to stm32f10x_rcc.o(i.RCC_APB2PeriphResetCmd) for RCC_APB2PeriphResetCmd
    stm32f10x_usart.o(i.USART_DeInit) refers to stm32f10x_rcc.o(i.RCC_APB1PeriphResetCmd) for RCC_APB1PeriphResetCmd
    stm32f10x_usart.o(i.USART_Init) refers to stm32f10x_rcc.o(i.RCC_GetClocksFreq) for RCC_GetClocksFreq
    stm32f10x_wwdg.o(i.WWDG_DeInit) refers to stm32f10x_rcc.o(i.RCC_APB1PeriphResetCmd) for RCC_APB1PeriphResetCmd
    systick.o(i.MS_delay) refers to systick.o(i.SysTick_Config) for SysTick_Config
    systick.o(i.US_delay) refers to systick.o(i.SysTick_Config) for SysTick_Config
    entry.o(.ARM.Collect$$$$00000000) refers (Special) to entry10a.o(.ARM.Collect$$$$0000000D) for __rt_final_cpp
    entry.o(.ARM.Collect$$$$00000000) refers (Special) to entry11a.o(.ARM.Collect$$$$0000000F) for __rt_final_exit
    entry.o(.ARM.Collect$$$$00000000) refers (Special) to entry7b.o(.ARM.Collect$$$$00000008) for _main_clock
    entry.o(.ARM.Collect$$$$00000000) refers (Special) to entry8b.o(.ARM.Collect$$$$0000000A) for _main_cpp_init
    entry.o(.ARM.Collect$$$$00000000) refers (Special) to entry9a.o(.ARM.Collect$$$$0000000B) for _main_init
    entry.o(.ARM.Collect$$$$00000000) refers (Special) to entry5.o(.ARM.Collect$$$$00000004) for _main_scatterload
    entry.o(.ARM.Collect$$$$00000000) refers (Special) to entry2.o(.ARM.Collect$$$$00000001) for _main_stk
    dadd.o(.text) refers (Special) to iusefp.o(.text) for __I$use$fp
    dadd.o(.text) refers to llshl.o(.text) for __aeabi_llsl
    dadd.o(.text) refers to llsshr.o(.text) for __aeabi_lasr
    dadd.o(.text) refers to depilogue.o(.text) for _double_epilogue
    dmul.o(.text) refers (Special) to iusefp.o(.text) for __I$use$fp
    dmul.o(.text) refers to depilogue.o(.text) for _double_epilogue
    ddiv.o(.text) refers (Special) to iusefp.o(.text) for __I$use$fp
    ddiv.o(.text) refers to depilogue.o(.text) for _double_round
    dflti.o(.text) refers (Special) to iusefp.o(.text) for __I$use$fp
    dflti.o(.text) refers to depilogue.o(.text) for _double_epilogue
    ffixi.o(.text) refers (Special) to iusefp.o(.text) for __I$use$fp
    ffixui.o(.text) refers (Special) to iusefp.o(.text) for __I$use$fp
    dfixi.o(.text) refers (Special) to iusefp.o(.text) for __I$use$fp
    dfixi.o(.text) refers to llushr.o(.text) for __aeabi_llsr
    d2f.o(.text) refers (Special) to iusefp.o(.text) for __I$use$fp
    d2f.o(.text) refers to fepilogue.o(.text) for _float_round
    entry2.o(.ARM.Collect$$$$00000001) refers to entry2.o(.ARM.Collect$$$$00002712) for __lit__00000000
    entry2.o(.ARM.Collect$$$$00002712) refers to startup_stm32f10x_hd.o(STACK) for __initial_sp
    entry2.o(__vectab_stack_and_reset_area) refers to startup_stm32f10x_hd.o(STACK) for __initial_sp
    entry2.o(__vectab_stack_and_reset_area) refers to entry.o(.ARM.Collect$$$$00000000) for __main
    entry5.o(.ARM.Collect$$$$00000004) refers to init.o(.text) for __scatterload
    entry9a.o(.ARM.Collect$$$$0000000B) refers to main.o(i.main) for main
    entry9b.o(.ARM.Collect$$$$0000000C) refers to main.o(i.main) for main
    depilogue.o(.text) refers to llshl.o(.text) for __aeabi_llsl
    depilogue.o(.text) refers to llushr.o(.text) for __aeabi_llsr
    init.o(.text) refers to entry5.o(.ARM.Collect$$$$00000004) for __main_after_scatterload


==============================================================================

Removing Unused input sections from the image.

    Removing startup_stm32f10x_hd.o(HEAP), (512 bytes).
    Removing main.o(i.delay), (32 bytes).
    Removing main.o(.data), (4 bytes).
    Removing usart.o(i.USARTsendByte), (30 bytes).
    Removing usart.o(i.USARTsendStr), (44 bytes).
    Removing usart.o(i.fgetc), (32 bytes).
    Removing usart.o(i.fputc), (36 bytes).
    Removing usart.o(i.usart_Init), (188 bytes).
    Removing gpio_iicoled.o(i.OLED_Display_off), (28 bytes).
    Removing gpio_iicoled.o(i.OLED_Display_on), (28 bytes).
    Removing gpio_iicoled.o(i.OLED_ShowCHinese), (104 bytes).
    Removing gpio_iicoled.o(.data), (1126 bytes).
    Removing io.o(i.IO_Init), (120 bytes).
    Removing sys.o(i.NVIC_Configuration), (12 bytes).
    Removing oled.o(i.I2C_WriteByte), (140 bytes).
    Removing oled.o(i.WriteCmd), (14 bytes).
    Removing oled.o(i.WriteDat), (14 bytes).
    Removing core_cm3.o(.emb_text), (32 bytes).
    Removing system_stm32f10x.o(i.SystemCoreClockUpdate), (164 bytes).
    Removing system_stm32f10x.o(.data), (20 bytes).
    Removing misc.o(i.NVIC_SetVectorTable), (20 bytes).
    Removing misc.o(i.NVIC_SystemLPConfig), (32 bytes).
    Removing misc.o(i.SysTick_CLKSourceConfig), (40 bytes).
    Removing stm32f10x_adc.o(i.ADC_AnalogWatchdogCmd), (20 bytes).
    Removing stm32f10x_adc.o(i.ADC_AnalogWatchdogSingleChannelConfig), (16 bytes).
    Removing stm32f10x_adc.o(i.ADC_AnalogWatchdogThresholdsConfig), (6 bytes).
    Removing stm32f10x_adc.o(i.ADC_AutoInjectedConvCmd), (22 bytes).
    Removing stm32f10x_adc.o(i.ADC_ClearFlag), (6 bytes).
    Removing stm32f10x_adc.o(i.ADC_ClearITPendingBit), (10 bytes).
    Removing stm32f10x_adc.o(i.ADC_Cmd), (22 bytes).
    Removing stm32f10x_adc.o(i.ADC_DMACmd), (22 bytes).
    Removing stm32f10x_adc.o(i.ADC_DeInit), (92 bytes).
    Removing stm32f10x_adc.o(i.ADC_DiscModeChannelCountConfig), (24 bytes).
    Removing stm32f10x_adc.o(i.ADC_DiscModeCmd), (22 bytes).
    Removing stm32f10x_adc.o(i.ADC_ExternalTrigConvCmd), (22 bytes).
    Removing stm32f10x_adc.o(i.ADC_ExternalTrigInjectedConvCmd), (22 bytes).
    Removing stm32f10x_adc.o(i.ADC_ExternalTrigInjectedConvConfig), (16 bytes).
    Removing stm32f10x_adc.o(i.ADC_GetCalibrationStatus), (20 bytes).
    Removing stm32f10x_adc.o(i.ADC_GetConversionValue), (8 bytes).
    Removing stm32f10x_adc.o(i.ADC_GetDualModeConversionValue), (12 bytes).
    Removing stm32f10x_adc.o(i.ADC_GetFlagStatus), (18 bytes).
    Removing stm32f10x_adc.o(i.ADC_GetITStatus), (36 bytes).
    Removing stm32f10x_adc.o(i.ADC_GetInjectedConversionValue), (28 bytes).
    Removing stm32f10x_adc.o(i.ADC_GetResetCalibrationStatus), (20 bytes).
    Removing stm32f10x_adc.o(i.ADC_GetSoftwareStartConvStatus), (20 bytes).
    Removing stm32f10x_adc.o(i.ADC_GetSoftwareStartInjectedConvCmdStatus), (20 bytes).
    Removing stm32f10x_adc.o(i.ADC_ITConfig), (24 bytes).
    Removing stm32f10x_adc.o(i.ADC_Init), (80 bytes).
    Removing stm32f10x_adc.o(i.ADC_InjectedChannelConfig), (130 bytes).
    Removing stm32f10x_adc.o(i.ADC_InjectedDiscModeCmd), (22 bytes).
    Removing stm32f10x_adc.o(i.ADC_InjectedSequencerLengthConfig), (24 bytes).
    Removing stm32f10x_adc.o(i.ADC_RegularChannelConfig), (184 bytes).
    Removing stm32f10x_adc.o(i.ADC_ResetCalibration), (10 bytes).
    Removing stm32f10x_adc.o(i.ADC_SetInjectedOffset), (20 bytes).
    Removing stm32f10x_adc.o(i.ADC_SoftwareStartConvCmd), (22 bytes).
    Removing stm32f10x_adc.o(i.ADC_SoftwareStartInjectedConvCmd), (22 bytes).
    Removing stm32f10x_adc.o(i.ADC_StartCalibration), (10 bytes).
    Removing stm32f10x_adc.o(i.ADC_StructInit), (18 bytes).
    Removing stm32f10x_adc.o(i.ADC_TempSensorVrefintCmd), (36 bytes).
    Removing stm32f10x_bkp.o(i.BKP_ClearFlag), (20 bytes).
    Removing stm32f10x_bkp.o(i.BKP_ClearITPendingBit), (20 bytes).
    Removing stm32f10x_bkp.o(i.BKP_DeInit), (16 bytes).
    Removing stm32f10x_bkp.o(i.BKP_GetFlagStatus), (12 bytes).
    Removing stm32f10x_bkp.o(i.BKP_GetITStatus), (12 bytes).
    Removing stm32f10x_bkp.o(i.BKP_ITConfig), (12 bytes).
    Removing stm32f10x_bkp.o(i.BKP_RTCOutputConfig), (28 bytes).
    Removing stm32f10x_bkp.o(i.BKP_ReadBackupRegister), (28 bytes).
    Removing stm32f10x_bkp.o(i.BKP_SetRTCCalibrationValue), (28 bytes).
    Removing stm32f10x_bkp.o(i.BKP_TamperPinCmd), (12 bytes).
    Removing stm32f10x_bkp.o(i.BKP_TamperPinLevelConfig), (12 bytes).
    Removing stm32f10x_bkp.o(i.BKP_WriteBackupRegister), (28 bytes).
    Removing stm32f10x_can.o(i.CAN_CancelTransmit), (48 bytes).
    Removing stm32f10x_can.o(i.CAN_ClearFlag), (56 bytes).
    Removing stm32f10x_can.o(i.CAN_ClearITPendingBit), (168 bytes).
    Removing stm32f10x_can.o(i.CAN_DBGFreeze), (22 bytes).
    Removing stm32f10x_can.o(i.CAN_DeInit), (56 bytes).
    Removing stm32f10x_can.o(i.CAN_FIFORelease), (22 bytes).
    Removing stm32f10x_can.o(i.CAN_FilterInit), (264 bytes).
    Removing stm32f10x_can.o(i.CAN_GetFlagStatus), (120 bytes).
    Removing stm32f10x_can.o(i.CAN_GetITStatus), (288 bytes).
    Removing stm32f10x_can.o(i.CAN_GetLSBTransmitErrorCounter), (12 bytes).
    Removing stm32f10x_can.o(i.CAN_GetLastErrorCode), (12 bytes).
    Removing stm32f10x_can.o(i.CAN_GetReceiveErrorCounter), (10 bytes).
    Removing stm32f10x_can.o(i.CAN_ITConfig), (18 bytes).
    Removing stm32f10x_can.o(i.CAN_Init), (276 bytes).
    Removing stm32f10x_can.o(i.CAN_MessagePending), (30 bytes).
    Removing stm32f10x_can.o(i.CAN_OperatingModeRequest), (162 bytes).
    Removing stm32f10x_can.o(i.CAN_Receive), (240 bytes).
    Removing stm32f10x_can.o(i.CAN_SlaveStartBank), (52 bytes).
    Removing stm32f10x_can.o(i.CAN_Sleep), (30 bytes).
    Removing stm32f10x_can.o(i.CAN_StructInit), (32 bytes).
    Removing stm32f10x_can.o(i.CAN_TTComModeCmd), (118 bytes).
    Removing stm32f10x_can.o(i.CAN_Transmit), (294 bytes).
    Removing stm32f10x_can.o(i.CAN_TransmitStatus), (160 bytes).
    Removing stm32f10x_can.o(i.CAN_WakeUp), (48 bytes).
    Removing stm32f10x_can.o(i.CheckITStatus), (18 bytes).
    Removing stm32f10x_cec.o(i.CEC_ClearFlag), (36 bytes).
    Removing stm32f10x_cec.o(i.CEC_ClearITPendingBit), (36 bytes).
    Removing stm32f10x_cec.o(i.CEC_Cmd), (32 bytes).
    Removing stm32f10x_cec.o(i.CEC_DeInit), (22 bytes).
    Removing stm32f10x_cec.o(i.CEC_EndOfMessageCmd), (12 bytes).
    Removing stm32f10x_cec.o(i.CEC_GetFlagStatus), (48 bytes).
    Removing stm32f10x_cec.o(i.CEC_GetITStatus), (40 bytes).
    Removing stm32f10x_cec.o(i.CEC_ITConfig), (12 bytes).
    Removing stm32f10x_cec.o(i.CEC_Init), (32 bytes).
    Removing stm32f10x_cec.o(i.CEC_OwnAddressConfig), (12 bytes).
    Removing stm32f10x_cec.o(i.CEC_ReceiveDataByte), (12 bytes).
    Removing stm32f10x_cec.o(i.CEC_SendDataByte), (12 bytes).
    Removing stm32f10x_cec.o(i.CEC_SetPrescaler), (12 bytes).
    Removing stm32f10x_cec.o(i.CEC_StartOfMessage), (12 bytes).
    Removing stm32f10x_crc.o(i.CRC_CalcBlockCRC), (36 bytes).
    Removing stm32f10x_crc.o(i.CRC_CalcCRC), (16 bytes).
    Removing stm32f10x_crc.o(i.CRC_GetCRC), (12 bytes).
    Removing stm32f10x_crc.o(i.CRC_GetIDRegister), (12 bytes).
    Removing stm32f10x_crc.o(i.CRC_ResetDR), (12 bytes).
    Removing stm32f10x_crc.o(i.CRC_SetIDRegister), (12 bytes).
    Removing stm32f10x_dac.o(i.DAC_Cmd), (40 bytes).
    Removing stm32f10x_dac.o(i.DAC_DMACmd), (44 bytes).
    Removing stm32f10x_dac.o(i.DAC_DeInit), (22 bytes).
    Removing stm32f10x_dac.o(i.DAC_DualSoftwareTriggerCmd), (36 bytes).
    Removing stm32f10x_dac.o(i.DAC_GetDataOutputValue), (36 bytes).
    Removing stm32f10x_dac.o(i.DAC_Init), (52 bytes).
    Removing stm32f10x_dac.o(i.DAC_SetChannel1Data), (32 bytes).
    Removing stm32f10x_dac.o(i.DAC_SetChannel2Data), (32 bytes).
    Removing stm32f10x_dac.o(i.DAC_SetDualChannelData), (36 bytes).
    Removing stm32f10x_dac.o(i.DAC_SoftwareTriggerCmd), (44 bytes).
    Removing stm32f10x_dac.o(i.DAC_StructInit), (12 bytes).
    Removing stm32f10x_dac.o(i.DAC_WaveGenerationCmd), (40 bytes).
    Removing stm32f10x_dma.o(i.DMA_ClearFlag), (28 bytes).
    Removing stm32f10x_dma.o(i.DMA_ClearITPendingBit), (28 bytes).
    Removing stm32f10x_dma.o(i.DMA_Cmd), (24 bytes).
    Removing stm32f10x_dma.o(i.DMA_DeInit), (332 bytes).
    Removing stm32f10x_dma.o(i.DMA_GetCurrDataCounter), (8 bytes).
    Removing stm32f10x_dma.o(i.DMA_GetFlagStatus), (44 bytes).
    Removing stm32f10x_dma.o(i.DMA_GetITStatus), (44 bytes).
    Removing stm32f10x_dma.o(i.DMA_ITConfig), (18 bytes).
    Removing stm32f10x_dma.o(i.DMA_Init), (60 bytes).
    Removing stm32f10x_dma.o(i.DMA_SetCurrDataCounter), (4 bytes).
    Removing stm32f10x_dma.o(i.DMA_StructInit), (26 bytes).
    Removing stm32f10x_exti.o(i.EXTI_ClearFlag), (12 bytes).
    Removing stm32f10x_exti.o(i.EXTI_ClearITPendingBit), (12 bytes).
    Removing stm32f10x_exti.o(i.EXTI_DeInit), (36 bytes).
    Removing stm32f10x_exti.o(i.EXTI_GenerateSWInterrupt), (16 bytes).
    Removing stm32f10x_exti.o(i.EXTI_GetFlagStatus), (24 bytes).
    Removing stm32f10x_exti.o(i.EXTI_GetITStatus), (40 bytes).
    Removing stm32f10x_exti.o(i.EXTI_Init), (148 bytes).
    Removing stm32f10x_exti.o(i.EXTI_StructInit), (16 bytes).
    Removing stm32f10x_fsmc.o(i.FSMC_ClearFlag), (64 bytes).
    Removing stm32f10x_fsmc.o(i.FSMC_ClearITPendingBit), (72 bytes).
    Removing stm32f10x_fsmc.o(i.FSMC_GetECC), (28 bytes).
    Removing stm32f10x_fsmc.o(i.FSMC_GetFlagStatus), (56 bytes).
    Removing stm32f10x_fsmc.o(i.FSMC_GetITStatus), (68 bytes).
    Removing stm32f10x_fsmc.o(i.FSMC_ITConfig), (128 bytes).
    Removing stm32f10x_fsmc.o(i.FSMC_NANDCmd), (92 bytes).
    Removing stm32f10x_fsmc.o(i.FSMC_NANDDeInit), (68 bytes).
    Removing stm32f10x_fsmc.o(i.FSMC_NANDECCCmd), (92 bytes).
    Removing stm32f10x_fsmc.o(i.FSMC_NANDInit), (136 bytes).
    Removing stm32f10x_fsmc.o(i.FSMC_NANDStructInit), (54 bytes).
    Removing stm32f10x_fsmc.o(i.FSMC_NORSRAMCmd), (52 bytes).
    Removing stm32f10x_fsmc.o(i.FSMC_NORSRAMDeInit), (54 bytes).
    Removing stm32f10x_fsmc.o(i.FSMC_NORSRAMInit), (230 bytes).
    Removing stm32f10x_fsmc.o(i.FSMC_NORSRAMStructInit), (114 bytes).
    Removing stm32f10x_fsmc.o(i.FSMC_PCCARDCmd), (48 bytes).
    Removing stm32f10x_fsmc.o(i.FSMC_PCCARDDeInit), (40 bytes).
    Removing stm32f10x_fsmc.o(i.FSMC_PCCARDInit), (132 bytes).
    Removing stm32f10x_fsmc.o(i.FSMC_PCCARDStructInit), (60 bytes).
    Removing stm32f10x_gpio.o(i.GPIO_AFIODeInit), (20 bytes).
    Removing stm32f10x_gpio.o(i.GPIO_DeInit), (200 bytes).
    Removing stm32f10x_gpio.o(i.GPIO_ETH_MediaInterfaceConfig), (12 bytes).
    Removing stm32f10x_gpio.o(i.GPIO_EXTILineConfig), (64 bytes).
    Removing stm32f10x_gpio.o(i.GPIO_EventOutputCmd), (12 bytes).
    Removing stm32f10x_gpio.o(i.GPIO_EventOutputConfig), (32 bytes).
    Removing stm32f10x_gpio.o(i.GPIO_PinLockConfig), (18 bytes).
    Removing stm32f10x_gpio.o(i.GPIO_PinRemapConfig), (144 bytes).
    Removing stm32f10x_gpio.o(i.GPIO_ReadInputData), (8 bytes).
    Removing stm32f10x_gpio.o(i.GPIO_ReadOutputData), (8 bytes).
    Removing stm32f10x_gpio.o(i.GPIO_ReadOutputDataBit), (18 bytes).
    Removing stm32f10x_gpio.o(i.GPIO_Write), (4 bytes).
    Removing stm32f10x_gpio.o(i.GPIO_WriteBit), (10 bytes).
    Removing stm32f10x_i2c.o(i.I2C_ARPCmd), (24 bytes).
    Removing stm32f10x_i2c.o(i.I2C_AcknowledgeConfig), (24 bytes).
    Removing stm32f10x_i2c.o(i.I2C_CalculatePEC), (24 bytes).
    Removing stm32f10x_i2c.o(i.I2C_CheckEvent), (42 bytes).
    Removing stm32f10x_i2c.o(i.I2C_ClearFlag), (12 bytes).
    Removing stm32f10x_i2c.o(i.I2C_ClearITPendingBit), (12 bytes).
    Removing stm32f10x_i2c.o(i.I2C_DMACmd), (24 bytes).
    Removing stm32f10x_i2c.o(i.I2C_DMALastTransferCmd), (24 bytes).
    Removing stm32f10x_i2c.o(i.I2C_DualAddressCmd), (24 bytes).
    Removing stm32f10x_i2c.o(i.I2C_FastModeDutyCycleConfig), (28 bytes).
    Removing stm32f10x_i2c.o(i.I2C_GeneralCallCmd), (24 bytes).
    Removing stm32f10x_i2c.o(i.I2C_GenerateSTART), (24 bytes).
    Removing stm32f10x_i2c.o(i.I2C_GenerateSTOP), (24 bytes).
    Removing stm32f10x_i2c.o(i.I2C_GetFlagStatus), (58 bytes).
    Removing stm32f10x_i2c.o(i.I2C_GetITStatus), (38 bytes).
    Removing stm32f10x_i2c.o(i.I2C_GetLastEvent), (26 bytes).
    Removing stm32f10x_i2c.o(i.I2C_GetPEC), (8 bytes).
    Removing stm32f10x_i2c.o(i.I2C_ITConfig), (18 bytes).
    Removing stm32f10x_i2c.o(i.I2C_NACKPositionConfig), (28 bytes).
    Removing stm32f10x_i2c.o(i.I2C_OwnAddress2Config), (22 bytes).
    Removing stm32f10x_i2c.o(i.I2C_PECPositionConfig), (28 bytes).
    Removing stm32f10x_i2c.o(i.I2C_ReadRegister), (22 bytes).
    Removing stm32f10x_i2c.o(i.I2C_ReceiveData), (8 bytes).
    Removing stm32f10x_i2c.o(i.I2C_SMBusAlertConfig), (28 bytes).
    Removing stm32f10x_i2c.o(i.I2C_Send7bitAddress), (18 bytes).
    Removing stm32f10x_i2c.o(i.I2C_SendData), (4 bytes).
    Removing stm32f10x_i2c.o(i.I2C_SoftwareResetCmd), (22 bytes).
    Removing stm32f10x_i2c.o(i.I2C_StretchClockCmd), (24 bytes).
    Removing stm32f10x_i2c.o(i.I2C_StructInit), (30 bytes).
    Removing stm32f10x_i2c.o(i.I2C_TransmitPEC), (24 bytes).
    Removing stm32f10x_iwdg.o(i.IWDG_Enable), (16 bytes).
    Removing stm32f10x_iwdg.o(i.IWDG_GetFlagStatus), (24 bytes).
    Removing stm32f10x_iwdg.o(i.IWDG_ReloadCounter), (16 bytes).
    Removing stm32f10x_iwdg.o(i.IWDG_SetPrescaler), (12 bytes).
    Removing stm32f10x_iwdg.o(i.IWDG_SetReload), (12 bytes).
    Removing stm32f10x_iwdg.o(i.IWDG_WriteAccessCmd), (12 bytes).
    Removing stm32f10x_pwr.o(i.PWR_BackupAccessCmd), (12 bytes).
    Removing stm32f10x_pwr.o(i.PWR_ClearFlag), (20 bytes).
    Removing stm32f10x_pwr.o(i.PWR_DeInit), (22 bytes).
    Removing stm32f10x_pwr.o(i.PWR_EnterSTANDBYMode), (52 bytes).
    Removing stm32f10x_pwr.o(i.PWR_EnterSTOPMode), (64 bytes).
    Removing stm32f10x_pwr.o(i.PWR_GetFlagStatus), (24 bytes).
    Removing stm32f10x_pwr.o(i.PWR_PVDCmd), (12 bytes).
    Removing stm32f10x_pwr.o(i.PWR_PVDLevelConfig), (24 bytes).
    Removing stm32f10x_pwr.o(i.PWR_WakeUpPinCmd), (12 bytes).
    Removing stm32f10x_rcc.o(i.RCC_ADCCLKConfig), (24 bytes).
    Removing stm32f10x_rcc.o(i.RCC_AHBPeriphClockCmd), (32 bytes).
    Removing stm32f10x_rcc.o(i.RCC_AdjustHSICalibrationValue), (24 bytes).
    Removing stm32f10x_rcc.o(i.RCC_BackupResetCmd), (12 bytes).
    Removing stm32f10x_rcc.o(i.RCC_ClearFlag), (20 bytes).
    Removing stm32f10x_rcc.o(i.RCC_ClearITPendingBit), (12 bytes).
    Removing stm32f10x_rcc.o(i.RCC_ClockSecuritySystemCmd), (12 bytes).
    Removing stm32f10x_rcc.o(i.RCC_DeInit), (76 bytes).
    Removing stm32f10x_rcc.o(i.RCC_GetFlagStatus), (60 bytes).
    Removing stm32f10x_rcc.o(i.RCC_GetITStatus), (24 bytes).
    Removing stm32f10x_rcc.o(i.RCC_GetSYSCLKSource), (16 bytes).
    Removing stm32f10x_rcc.o(i.RCC_HCLKConfig), (24 bytes).
    Removing stm32f10x_rcc.o(i.RCC_HSEConfig), (76 bytes).
    Removing stm32f10x_rcc.o(i.RCC_HSICmd), (12 bytes).
    Removing stm32f10x_rcc.o(i.RCC_ITConfig), (32 bytes).
    Removing stm32f10x_rcc.o(i.RCC_LSEConfig), (52 bytes).
    Removing stm32f10x_rcc.o(i.RCC_LSICmd), (12 bytes).
    Removing stm32f10x_rcc.o(i.RCC_MCOConfig), (12 bytes).
    Removing stm32f10x_rcc.o(i.RCC_PCLK1Config), (24 bytes).
    Removing stm32f10x_rcc.o(i.RCC_PCLK2Config), (24 bytes).
    Removing stm32f10x_rcc.o(i.RCC_PLLCmd), (12 bytes).
    Removing stm32f10x_rcc.o(i.RCC_PLLConfig), (28 bytes).
    Removing stm32f10x_rcc.o(i.RCC_RTCCLKCmd), (12 bytes).
    Removing stm32f10x_rcc.o(i.RCC_RTCCLKConfig), (16 bytes).
    Removing stm32f10x_rcc.o(i.RCC_SYSCLKConfig), (24 bytes).
    Removing stm32f10x_rcc.o(i.RCC_USBCLKConfig), (12 bytes).
    Removing stm32f10x_rcc.o(i.RCC_WaitForHSEStartUp), (56 bytes).
    Removing stm32f10x_rtc.o(i.RTC_ClearFlag), (16 bytes).
    Removing stm32f10x_rtc.o(i.RTC_ClearITPendingBit), (16 bytes).
    Removing stm32f10x_rtc.o(i.RTC_EnterConfigMode), (20 bytes).
    Removing stm32f10x_rtc.o(i.RTC_ExitConfigMode), (20 bytes).
    Removing stm32f10x_rtc.o(i.RTC_GetCounter), (20 bytes).
    Removing stm32f10x_rtc.o(i.RTC_GetDivider), (24 bytes).
    Removing stm32f10x_rtc.o(i.RTC_GetFlagStatus), (24 bytes).
    Removing stm32f10x_rtc.o(i.RTC_GetITStatus), (36 bytes).
    Removing stm32f10x_rtc.o(i.RTC_ITConfig), (32 bytes).
    Removing stm32f10x_rtc.o(i.RTC_SetAlarm), (28 bytes).
    Removing stm32f10x_rtc.o(i.RTC_SetCounter), (28 bytes).
    Removing stm32f10x_rtc.o(i.RTC_SetPrescaler), (32 bytes).
    Removing stm32f10x_rtc.o(i.RTC_WaitForLastTask), (20 bytes).
    Removing stm32f10x_rtc.o(i.RTC_WaitForSynchro), (36 bytes).
    Removing stm32f10x_spi.o(i.I2S_Cmd), (24 bytes).
    Removing stm32f10x_spi.o(i.I2S_Init), (232 bytes).
    Removing stm32f10x_spi.o(i.I2S_StructInit), (20 bytes).
    Removing stm32f10x_spi.o(i.SPI_BiDirectionalLineConfig), (28 bytes).
    Removing stm32f10x_spi.o(i.SPI_CalculateCRC), (24 bytes).
    Removing stm32f10x_spi.o(i.SPI_Cmd), (24 bytes).
    Removing stm32f10x_spi.o(i.SPI_DataSizeConfig), (18 bytes).
    Removing stm32f10x_spi.o(i.SPI_GetCRC), (16 bytes).
    Removing stm32f10x_spi.o(i.SPI_GetCRCPolynomial), (6 bytes).
    Removing stm32f10x_spi.o(i.SPI_I2S_ClearFlag), (6 bytes).
    Removing stm32f10x_spi.o(i.SPI_I2S_ClearITPendingBit), (20 bytes).
    Removing stm32f10x_spi.o(i.SPI_I2S_DMACmd), (18 bytes).
    Removing stm32f10x_spi.o(i.SPI_I2S_DeInit), (88 bytes).
    Removing stm32f10x_spi.o(i.SPI_I2S_GetFlagStatus), (18 bytes).
    Removing stm32f10x_spi.o(i.SPI_I2S_GetITStatus), (52 bytes).
    Removing stm32f10x_spi.o(i.SPI_I2S_ITConfig), (32 bytes).
    Removing stm32f10x_spi.o(i.SPI_I2S_ReceiveData), (6 bytes).
    Removing stm32f10x_spi.o(i.SPI_I2S_SendData), (4 bytes).
    Removing stm32f10x_spi.o(i.SPI_Init), (60 bytes).
    Removing stm32f10x_spi.o(i.SPI_NSSInternalSoftwareConfig), (30 bytes).
    Removing stm32f10x_spi.o(i.SPI_SSOutputCmd), (24 bytes).
    Removing stm32f10x_spi.o(i.SPI_StructInit), (24 bytes).
    Removing stm32f10x_spi.o(i.SPI_TransmitCRC), (10 bytes).
    Removing stm32f10x_tim.o(i.TIM_ARRPreloadConfig), (24 bytes).
    Removing stm32f10x_tim.o(i.TIM_BDTRConfig), (32 bytes).
    Removing stm32f10x_tim.o(i.TIM_BDTRStructInit), (18 bytes).
    Removing stm32f10x_tim.o(i.TIM_CCPreloadControl), (24 bytes).
    Removing stm32f10x_tim.o(i.TIM_CCxCmd), (30 bytes).
    Removing stm32f10x_tim.o(i.TIM_CCxNCmd), (30 bytes).
    Removing stm32f10x_tim.o(i.TIM_ClearOC1Ref), (18 bytes).
    Removing stm32f10x_tim.o(i.TIM_ClearOC2Ref), (24 bytes).
    Removing stm32f10x_tim.o(i.TIM_ClearOC3Ref), (18 bytes).
    Removing stm32f10x_tim.o(i.TIM_ClearOC4Ref), (24 bytes).
    Removing stm32f10x_tim.o(i.TIM_CounterModeConfig), (18 bytes).
    Removing stm32f10x_tim.o(i.TIM_CtrlPWMOutputs), (30 bytes).
    Removing stm32f10x_tim.o(i.TIM_DMACmd), (18 bytes).
    Removing stm32f10x_tim.o(i.TIM_DMAConfig), (10 bytes).
    Removing stm32f10x_tim.o(i.TIM_ETRClockMode1Config), (54 bytes).
    Removing stm32f10x_tim.o(i.TIM_ETRClockMode2Config), (32 bytes).
    Removing stm32f10x_tim.o(i.TIM_ETRConfig), (28 bytes).
    Removing stm32f10x_tim.o(i.TIM_ForcedOC1Config), (18 bytes).
    Removing stm32f10x_tim.o(i.TIM_ForcedOC2Config), (26 bytes).
    Removing stm32f10x_tim.o(i.TIM_ForcedOC3Config), (18 bytes).
    Removing stm32f10x_tim.o(i.TIM_ForcedOC4Config), (26 bytes).
    Removing stm32f10x_tim.o(i.TIM_GenerateEvent), (4 bytes).
    Removing stm32f10x_tim.o(i.TIM_GetCapture1), (6 bytes).
    Removing stm32f10x_tim.o(i.TIM_GetCapture2), (6 bytes).
    Removing stm32f10x_tim.o(i.TIM_GetCapture3), (6 bytes).
    Removing stm32f10x_tim.o(i.TIM_GetCapture4), (8 bytes).
    Removing stm32f10x_tim.o(i.TIM_GetCounter), (6 bytes).
    Removing stm32f10x_tim.o(i.TIM_GetFlagStatus), (18 bytes).
    Removing stm32f10x_tim.o(i.TIM_GetPrescaler), (6 bytes).
    Removing stm32f10x_tim.o(i.TIM_ITRxExternalClockConfig), (24 bytes).
    Removing stm32f10x_tim.o(i.TIM_InternalClockConfig), (12 bytes).
    Removing stm32f10x_tim.o(i.TIM_OC1FastConfig), (18 bytes).
    Removing stm32f10x_tim.o(i.TIM_OC1NPolarityConfig), (18 bytes).
    Removing stm32f10x_tim.o(i.TIM_OC1PolarityConfig), (18 bytes).
    Removing stm32f10x_tim.o(i.TIM_OC2FastConfig), (26 bytes).
    Removing stm32f10x_tim.o(i.TIM_OC2NPolarityConfig), (26 bytes).
    Removing stm32f10x_tim.o(i.TIM_OC2PolarityConfig), (26 bytes).
    Removing stm32f10x_tim.o(i.TIM_OC3FastConfig), (18 bytes).
    Removing stm32f10x_tim.o(i.TIM_OC3Init), (160 bytes).
    Removing stm32f10x_tim.o(i.TIM_OC3NPolarityConfig), (26 bytes).
    Removing stm32f10x_tim.o(i.TIM_OC3PolarityConfig), (26 bytes).
    Removing stm32f10x_tim.o(i.TIM_OC3PreloadConfig), (18 bytes).
    Removing stm32f10x_tim.o(i.TIM_OC4FastConfig), (26 bytes).
    Removing stm32f10x_tim.o(i.TIM_OC4Init), (124 bytes).
    Removing stm32f10x_tim.o(i.TIM_OC4PolarityConfig), (26 bytes).
    Removing stm32f10x_tim.o(i.TIM_OC4PreloadConfig), (26 bytes).
    Removing stm32f10x_tim.o(i.TIM_OCStructInit), (20 bytes).
    Removing stm32f10x_tim.o(i.TIM_PWMIConfig), (124 bytes).
    Removing stm32f10x_tim.o(i.TIM_PrescalerConfig), (6 bytes).
    Removing stm32f10x_tim.o(i.TIM_SelectCCDMA), (24 bytes).
    Removing stm32f10x_tim.o(i.TIM_SelectCOM), (24 bytes).
    Removing stm32f10x_tim.o(i.TIM_SelectHallSensor), (24 bytes).
    Removing stm32f10x_tim.o(i.TIM_SelectInputTrigger), (18 bytes).
    Removing stm32f10x_tim.o(i.TIM_SelectMasterSlaveMode), (18 bytes).
    Removing stm32f10x_tim.o(i.TIM_SelectOCxM), (82 bytes).
    Removing stm32f10x_tim.o(i.TIM_SelectOnePulseMode), (18 bytes).
    Removing stm32f10x_tim.o(i.TIM_SelectOutputTrigger), (18 bytes).
    Removing stm32f10x_tim.o(i.TIM_SelectSlaveMode), (18 bytes).
    Removing stm32f10x_tim.o(i.TIM_SetAutoreload), (4 bytes).
    Removing stm32f10x_tim.o(i.TIM_SetClockDivision), (18 bytes).
    Removing stm32f10x_tim.o(i.TIM_SetCompare3), (4 bytes).
    Removing stm32f10x_tim.o(i.TIM_SetCompare4), (6 bytes).
    Removing stm32f10x_tim.o(i.TIM_TIxExternalClockConfig), (62 bytes).
    Removing stm32f10x_tim.o(i.TIM_TimeBaseStructInit), (18 bytes).
    Removing stm32f10x_tim.o(i.TIM_UpdateDisableConfig), (24 bytes).
    Removing stm32f10x_tim.o(i.TIM_UpdateRequestConfig), (24 bytes).
    Removing stm32f10x_usart.o(i.USART_ClearFlag), (18 bytes).
    Removing stm32f10x_usart.o(i.USART_ClearITPendingBit), (30 bytes).
    Removing stm32f10x_usart.o(i.USART_ClockInit), (34 bytes).
    Removing stm32f10x_usart.o(i.USART_ClockStructInit), (12 bytes).
    Removing stm32f10x_usart.o(i.USART_Cmd), (24 bytes).
    Removing stm32f10x_usart.o(i.USART_DMACmd), (18 bytes).
    Removing stm32f10x_usart.o(i.USART_DeInit), (156 bytes).
    Removing stm32f10x_usart.o(i.USART_GetFlagStatus), (26 bytes).
    Removing stm32f10x_usart.o(i.USART_GetITStatus), (84 bytes).
    Removing stm32f10x_usart.o(i.USART_HalfDuplexCmd), (24 bytes).
    Removing stm32f10x_usart.o(i.USART_ITConfig), (74 bytes).
    Removing stm32f10x_usart.o(i.USART_Init), (216 bytes).
    Removing stm32f10x_usart.o(i.USART_IrDACmd), (24 bytes).
    Removing stm32f10x_usart.o(i.USART_IrDAConfig), (18 bytes).
    Removing stm32f10x_usart.o(i.USART_LINBreakDetectLengthConfig), (18 bytes).
    Removing stm32f10x_usart.o(i.USART_LINCmd), (24 bytes).
    Removing stm32f10x_usart.o(i.USART_OneBitMethodCmd), (24 bytes).
    Removing stm32f10x_usart.o(i.USART_OverSampling8Cmd), (22 bytes).
    Removing stm32f10x_usart.o(i.USART_ReceiveData), (10 bytes).
    Removing stm32f10x_usart.o(i.USART_ReceiverWakeUpCmd), (24 bytes).
    Removing stm32f10x_usart.o(i.USART_SendBreak), (10 bytes).
    Removing stm32f10x_usart.o(i.USART_SendData), (8 bytes).
    Removing stm32f10x_usart.o(i.USART_SetAddress), (18 bytes).
    Removing stm32f10x_usart.o(i.USART_SetGuardTime), (16 bytes).
    Removing stm32f10x_usart.o(i.USART_SetPrescaler), (16 bytes).
    Removing stm32f10x_usart.o(i.USART_SmartCardCmd), (24 bytes).
    Removing stm32f10x_usart.o(i.USART_SmartCardNACKCmd), (24 bytes).
    Removing stm32f10x_usart.o(i.USART_StructInit), (24 bytes).
    Removing stm32f10x_usart.o(i.USART_WakeUpConfig), (18 bytes).
    Removing stm32f10x_wwdg.o(i.WWDG_ClearFlag), (12 bytes).
    Removing stm32f10x_wwdg.o(i.WWDG_DeInit), (22 bytes).
    Removing stm32f10x_wwdg.o(i.WWDG_Enable), (16 bytes).
    Removing stm32f10x_wwdg.o(i.WWDG_EnableIT), (12 bytes).
    Removing stm32f10x_wwdg.o(i.WWDG_GetFlagStatus), (12 bytes).
    Removing stm32f10x_wwdg.o(i.WWDG_SetCounter), (16 bytes).
    Removing stm32f10x_wwdg.o(i.WWDG_SetPrescaler), (24 bytes).
    Removing stm32f10x_wwdg.o(i.WWDG_SetWindowValue), (40 bytes).
    Removing systick.o(i.US_delay), (54 bytes).

392 unused section(s) (total 16500 bytes) removed from the image.

==============================================================================

Image Symbol Table

    Local Symbols

    Symbol Name                              Value     Ov Type        Size  Object(Section)

    ../clib/microlib/init/entry.s            0x00000000   Number         0  entry10b.o ABSOLUTE
    ../clib/microlib/init/entry.s            0x00000000   Number         0  entry11a.o ABSOLUTE
    ../clib/microlib/init/entry.s            0x00000000   Number         0  entry8b.o ABSOLUTE
    ../clib/microlib/init/entry.s            0x00000000   Number         0  entry8a.o ABSOLUTE
    ../clib/microlib/init/entry.s            0x00000000   Number         0  entry10a.o ABSOLUTE
    ../clib/microlib/init/entry.s            0x00000000   Number         0  entry11b.o ABSOLUTE
    ../clib/microlib/init/entry.s            0x00000000   Number         0  entry.o ABSOLUTE
    ../clib/microlib/init/entry.s            0x00000000   Number         0  entry7b.o ABSOLUTE
    ../clib/microlib/init/entry.s            0x00000000   Number         0  entry7a.o ABSOLUTE
    ../clib/microlib/init/entry.s            0x00000000   Number         0  entry2.o ABSOLUTE
    ../clib/microlib/init/entry.s            0x00000000   Number         0  entry5.o ABSOLUTE
    ../clib/microlib/init/entry.s            0x00000000   Number         0  entry9a.o ABSOLUTE
    ../clib/microlib/init/entry.s            0x00000000   Number         0  entry9b.o ABSOLUTE
    ../clib/microlib/longlong.c              0x00000000   Number         0  llshl.o ABSOLUTE
    ../clib/microlib/longlong.c              0x00000000   Number         0  llushr.o ABSOLUTE
    ../clib/microlib/longlong.c              0x00000000   Number         0  llsshr.o ABSOLUTE
    ../clib/microlib/stubs.s                 0x00000000   Number         0  iusefp.o ABSOLUTE
    ../fplib/microlib/d2f.c                  0x00000000   Number         0  d2f.o ABSOLUTE
    ../fplib/microlib/fpadd.c                0x00000000   Number         0  dadd.o ABSOLUTE
    ../fplib/microlib/fpdiv.c                0x00000000   Number         0  ddiv.o ABSOLUTE
    ../fplib/microlib/fpepilogue.c           0x00000000   Number         0  depilogue.o ABSOLUTE
    ../fplib/microlib/fpepilogue.c           0x00000000   Number         0  fepilogue.o ABSOLUTE
    ../fplib/microlib/fpfix.c                0x00000000   Number         0  ffixui.o ABSOLUTE
    ../fplib/microlib/fpfix.c                0x00000000   Number         0  ffixi.o ABSOLUTE
    ../fplib/microlib/fpfix.c                0x00000000   Number         0  dfixi.o ABSOLUTE
    ../fplib/microlib/fpflt.c                0x00000000   Number         0  dflti.o ABSOLUTE
    ../fplib/microlib/fpmul.c                0x00000000   Number         0  dmul.o ABSOLUTE
    ..\Libraries\CMSIS\core_cm3.c            0x00000000   Number         0  core_cm3.o ABSOLUTE
    ..\Libraries\CMSIS\startup\startup_stm32f10x_hd.s 0x00000000   Number         0  startup_stm32f10x_hd.o ABSOLUTE
    ..\Libraries\CMSIS\system_stm32f10x.c    0x00000000   Number         0  system_stm32f10x.o ABSOLUTE
    ..\Libraries\STM32F10x_StdPeriph_Driver\src\misc.c 0x00000000   Number         0  misc.o ABSOLUTE
    ..\Libraries\STM32F10x_StdPeriph_Driver\src\stm32f10x_adc.c 0x00000000   Number         0  stm32f10x_adc.o ABSOLUTE
    ..\Libraries\STM32F10x_StdPeriph_Driver\src\stm32f10x_bkp.c 0x00000000   Number         0  stm32f10x_bkp.o ABSOLUTE
    ..\Libraries\STM32F10x_StdPeriph_Driver\src\stm32f10x_can.c 0x00000000   Number         0  stm32f10x_can.o ABSOLUTE
    ..\Libraries\STM32F10x_StdPeriph_Driver\src\stm32f10x_cec.c 0x00000000   Number         0  stm32f10x_cec.o ABSOLUTE
    ..\Libraries\STM32F10x_StdPeriph_Driver\src\stm32f10x_crc.c 0x00000000   Number         0  stm32f10x_crc.o ABSOLUTE
    ..\Libraries\STM32F10x_StdPeriph_Driver\src\stm32f10x_dac.c 0x00000000   Number         0  stm32f10x_dac.o ABSOLUTE
    ..\Libraries\STM32F10x_StdPeriph_Driver\src\stm32f10x_dma.c 0x00000000   Number         0  stm32f10x_dma.o ABSOLUTE
    ..\Libraries\STM32F10x_StdPeriph_Driver\src\stm32f10x_exti.c 0x00000000   Number         0  stm32f10x_exti.o ABSOLUTE
    ..\Libraries\STM32F10x_StdPeriph_Driver\src\stm32f10x_fsmc.c 0x00000000   Number         0  stm32f10x_fsmc.o ABSOLUTE
    ..\Libraries\STM32F10x_StdPeriph_Driver\src\stm32f10x_gpio.c 0x00000000   Number         0  stm32f10x_gpio.o ABSOLUTE
    ..\Libraries\STM32F10x_StdPeriph_Driver\src\stm32f10x_i2c.c 0x00000000   Number         0  stm32f10x_i2c.o ABSOLUTE
    ..\Libraries\STM32F10x_StdPeriph_Driver\src\stm32f10x_iwdg.c 0x00000000   Number         0  stm32f10x_iwdg.o ABSOLUTE
    ..\Libraries\STM32F10x_StdPeriph_Driver\src\stm32f10x_pwr.c 0x00000000   Number         0  stm32f10x_pwr.o ABSOLUTE
    ..\Libraries\STM32F10x_StdPeriph_Driver\src\stm32f10x_rcc.c 0x00000000   Number         0  stm32f10x_rcc.o ABSOLUTE
    ..\Libraries\STM32F10x_StdPeriph_Driver\src\stm32f10x_rtc.c 0x00000000   Number         0  stm32f10x_rtc.o ABSOLUTE
    ..\Libraries\STM32F10x_StdPeriph_Driver\src\stm32f10x_spi.c 0x00000000   Number         0  stm32f10x_spi.o ABSOLUTE
    ..\Libraries\STM32F10x_StdPeriph_Driver\src\stm32f10x_tim.c 0x00000000   Number         0  stm32f10x_tim.o ABSOLUTE
    ..\Libraries\STM32F10x_StdPeriph_Driver\src\stm32f10x_usart.c 0x00000000   Number         0  stm32f10x_usart.o ABSOLUTE
    ..\Libraries\STM32F10x_StdPeriph_Driver\src\stm32f10x_wwdg.c 0x00000000   Number         0  stm32f10x_wwdg.o ABSOLUTE
    ..\User\GPIO_IICOLED\GPIO_IICOLED.c      0x00000000   Number         0  gpio_iicoled.o ABSOLUTE
    ..\User\IOPWM\iopwm.c                    0x00000000   Number         0  iopwm.o ABSOLUTE
    ..\User\IO\io.c                          0x00000000   Number         0  io.o ABSOLUTE
    ..\User\OLED\oled.c                      0x00000000   Number         0  oled.o ABSOLUTE
    ..\User\PIDEncoder\PIDEncoder.c          0x00000000   Number         0  pidencoder.o ABSOLUTE
    ..\User\SYSTEM\SysTick.c                 0x00000000   Number         0  systick.o ABSOLUTE
    ..\User\Sys\sys.c                        0x00000000   Number         0  sys.o ABSOLUTE
    ..\User\encoder\encoder.c                0x00000000   Number         0  encoder.o ABSOLUTE
    ..\User\encoder_tim\encoderTim.c         0x00000000   Number         0  encodertim.o ABSOLUTE
    ..\User\main.c                           0x00000000   Number         0  main.o ABSOLUTE
    ..\User\stm32f10x_it.c                   0x00000000   Number         0  stm32f10x_it.o ABSOLUTE
    ..\User\usart\usart.c                    0x00000000   Number         0  usart.o ABSOLUTE
    ..\\Libraries\\CMSIS\\core_cm3.c         0x00000000   Number         0  core_cm3.o ABSOLUTE
    dc.s                                     0x00000000   Number         0  dc.o ABSOLUTE
    handlers.s                               0x00000000   Number         0  handlers.o ABSOLUTE
    init.s                                   0x00000000   Number         0  init.o ABSOLUTE
    RESET                                    0x08000000   Section      304  startup_stm32f10x_hd.o(RESET)
    .ARM.Collect$$$$00000000                 0x08000130   Section        0  entry.o(.ARM.Collect$$$$00000000)
    .ARM.Collect$$$$00000001                 0x08000130   Section        4  entry2.o(.ARM.Collect$$$$00000001)
    .ARM.Collect$$$$00000004                 0x08000134   Section        4  entry5.o(.ARM.Collect$$$$00000004)
    .ARM.Collect$$$$00000008                 0x08000138   Section        0  entry7b.o(.ARM.Collect$$$$00000008)
    .ARM.Collect$$$$0000000A                 0x08000138   Section        0  entry8b.o(.ARM.Collect$$$$0000000A)
    .ARM.Collect$$$$0000000B                 0x08000138   Section        8  entry9a.o(.ARM.Collect$$$$0000000B)
    .ARM.Collect$$$$0000000D                 0x08000140   Section        0  entry10a.o(.ARM.Collect$$$$0000000D)
    .ARM.Collect$$$$0000000F                 0x08000140   Section        0  entry11a.o(.ARM.Collect$$$$0000000F)
    .ARM.Collect$$$$00002712                 0x08000140   Section        4  entry2.o(.ARM.Collect$$$$00002712)
    __lit__00000000                          0x08000140   Data           4  entry2.o(.ARM.Collect$$$$00002712)
    .text                                    0x08000144   Section       36  startup_stm32f10x_hd.o(.text)
    .text                                    0x08000168   Section        0  dadd.o(.text)
    .text                                    0x080002b6   Section        0  dmul.o(.text)
    .text                                    0x0800039a   Section        0  ddiv.o(.text)
    .text                                    0x08000478   Section        0  dflti.o(.text)
    .text                                    0x0800049a   Section        0  ffixi.o(.text)
    .text                                    0x080004cc   Section        0  ffixui.o(.text)
    .text                                    0x080004f4   Section        0  dfixi.o(.text)
    .text                                    0x08000532   Section        0  d2f.o(.text)
    .text                                    0x0800056a   Section        0  llshl.o(.text)
    .text                                    0x08000588   Section        0  llushr.o(.text)
    .text                                    0x080005a8   Section        0  llsshr.o(.text)
    .text                                    0x080005cc   Section        0  fepilogue.o(.text)
    .text                                    0x080005cc   Section        0  iusefp.o(.text)
    .text                                    0x0800063a   Section        0  depilogue.o(.text)
    .text                                    0x080006f4   Section       36  init.o(.text)
    i.BusFault_Handler                       0x08000718   Section        0  stm32f10x_it.o(i.BusFault_Handler)
    i.DebugMon_Handler                       0x0800071c   Section        0  stm32f10x_it.o(i.DebugMon_Handler)
    i.GPIO_IicoledInit                       0x08000720   Section        0  gpio_iicoled.o(i.GPIO_IicoledInit)
    i.GPIO_Init                              0x08000758   Section        0  stm32f10x_gpio.o(i.GPIO_Init)
    i.GPIO_ReadInputDataBit                  0x0800086e   Section        0  stm32f10x_gpio.o(i.GPIO_ReadInputDataBit)
    i.GPIO_ResetBits                         0x08000880   Section        0  stm32f10x_gpio.o(i.GPIO_ResetBits)
    i.GPIO_SetBits                           0x08000884   Section        0  stm32f10x_gpio.o(i.GPIO_SetBits)
    i.GPIO_StructInit                        0x08000888   Section        0  stm32f10x_gpio.o(i.GPIO_StructInit)
    i.HardFault_Handler                      0x08000898   Section        0  stm32f10x_it.o(i.HardFault_Handler)
    i.I2C_Cmd                                0x0800089c   Section        0  stm32f10x_i2c.o(i.I2C_Cmd)
    i.I2C_DeInit                             0x080008b4   Section        0  stm32f10x_i2c.o(i.I2C_DeInit)
    i.I2C_Init                               0x080008ec   Section        0  stm32f10x_i2c.o(i.I2C_Init)
    i.I2C_configuration                      0x080009d8   Section        0  oled.o(i.I2C_configuration)
    i.IIC_Wait_Ack                           0x08000a54   Section        0  gpio_iicoled.o(i.IIC_Wait_Ack)
    IIC_Wait_Ack                             0x08000a55   Thumb Code    78  gpio_iicoled.o(i.IIC_Wait_Ack)
    i.MS_delay                               0x08000aa8   Section        0  systick.o(i.MS_delay)
    i.MemManage_Handler                      0x08000ae4   Section        0  stm32f10x_it.o(i.MemManage_Handler)
    i.NMI_Handler                            0x08000ae8   Section        0  stm32f10x_it.o(i.NMI_Handler)
    i.NVIC_Init                              0x08000aec   Section        0  misc.o(i.NVIC_Init)
    i.NVIC_PriorityGroupConfig               0x08000b5c   Section        0  misc.o(i.NVIC_PriorityGroupConfig)
    i.OLED_IIC_Start                         0x08000b70   Section        0  gpio_iicoled.o(i.OLED_IIC_Start)
    OLED_IIC_Start                           0x08000b71   Thumb Code    54  gpio_iicoled.o(i.OLED_IIC_Start)
    i.OLED_IIC_Stop                          0x08000bac   Section        0  gpio_iicoled.o(i.OLED_IIC_Stop)
    OLED_IIC_Stop                            0x08000bad   Thumb Code    46  gpio_iicoled.o(i.OLED_IIC_Stop)
    i.OLED_Init                              0x08000be0   Section        0  gpio_iicoled.o(i.OLED_Init)
    i.OLED_Set_Pos                           0x08000cc2   Section        0  gpio_iicoled.o(i.OLED_Set_Pos)
    i.OLED_ShouChar                          0x08000cec   Section        0  gpio_iicoled.o(i.OLED_ShouChar)
    i.OLED_ShowNum                           0x08000d5c   Section        0  gpio_iicoled.o(i.OLED_ShowNum)
    i.OLED_ShowString                        0x08000de0   Section        0  gpio_iicoled.o(i.OLED_ShowString)
    i.OLED_WR_Byte                           0x08000e16   Section        0  gpio_iicoled.o(i.OLED_WR_Byte)
    i.OLED_clear                             0x08000e2e   Section        0  gpio_iicoled.o(i.OLED_clear)
    i.PID_Calc                               0x08000e70   Section        0  pidencoder.o(i.PID_Calc)
    i.PID_Init                               0x08000f1c   Section        0  pidencoder.o(i.PID_Init)
    i.PendSV_Handler                         0x08000f64   Section        0  stm32f10x_it.o(i.PendSV_Handler)
    i.RCC_APB1PeriphClockCmd                 0x08000f68   Section        0  stm32f10x_rcc.o(i.RCC_APB1PeriphClockCmd)
    i.RCC_APB1PeriphResetCmd                 0x08000f88   Section        0  stm32f10x_rcc.o(i.RCC_APB1PeriphResetCmd)
    i.RCC_APB2PeriphClockCmd                 0x08000fa8   Section        0  stm32f10x_rcc.o(i.RCC_APB2PeriphClockCmd)
    i.RCC_APB2PeriphResetCmd                 0x08000fc8   Section        0  stm32f10x_rcc.o(i.RCC_APB2PeriphResetCmd)
    i.RCC_GetClocksFreq                      0x08000fe8   Section        0  stm32f10x_rcc.o(i.RCC_GetClocksFreq)
    i.SVC_Handler                            0x080010bc   Section        0  stm32f10x_it.o(i.SVC_Handler)
    i.SetSysClock                            0x080010be   Section        0  system_stm32f10x.o(i.SetSysClock)
    SetSysClock                              0x080010bf   Thumb Code     8  system_stm32f10x.o(i.SetSysClock)
    i.SetSysClockTo72                        0x080010c8   Section        0  system_stm32f10x.o(i.SetSysClockTo72)
    SetSysClockTo72                          0x080010c9   Thumb Code   214  system_stm32f10x.o(i.SetSysClockTo72)
    i.SysTick_Config                         0x080011a8   Section        0  systick.o(i.SysTick_Config)
    SysTick_Config                           0x080011a9   Thumb Code    76  systick.o(i.SysTick_Config)
    i.SysTick_Handler                        0x080011fc   Section        0  stm32f10x_it.o(i.SysTick_Handler)
    i.SystemInit                             0x08001200   Section        0  system_stm32f10x.o(i.SystemInit)
    i.TI1_Config                             0x08001260   Section        0  stm32f10x_tim.o(i.TI1_Config)
    TI1_Config                               0x08001261   Thumb Code   108  stm32f10x_tim.o(i.TI1_Config)
    i.TI2_Config                             0x080012e0   Section        0  stm32f10x_tim.o(i.TI2_Config)
    TI2_Config                               0x080012e1   Thumb Code   130  stm32f10x_tim.o(i.TI2_Config)
    i.TI3_Config                             0x08001378   Section        0  stm32f10x_tim.o(i.TI3_Config)
    TI3_Config                               0x08001379   Thumb Code   122  stm32f10x_tim.o(i.TI3_Config)
    i.TI4_Config                             0x08001408   Section        0  stm32f10x_tim.o(i.TI4_Config)
    TI4_Config                               0x08001409   Thumb Code   130  stm32f10x_tim.o(i.TI4_Config)
    i.TIM2_IRQHandler                        0x080014a0   Section        0  main.o(i.TIM2_IRQHandler)
    i.TIM2_Int_Init                          0x080014ba   Section        0  encodertim.o(i.TIM2_Int_Init)
    i.TIM3_PWM_Init                          0x08001518   Section        0  iopwm.o(i.TIM3_PWM_Init)
    i.TIM4_ENCODER_Init                      0x080015ac   Section        0  encoder.o(i.TIM4_ENCODER_Init)
    i.TIM4_IRQHandler                        0x0800165c   Section        0  encoder.o(i.TIM4_IRQHandler)
    i.TIM_ClearFlag                          0x08001674   Section        0  stm32f10x_tim.o(i.TIM_ClearFlag)
    i.TIM_ClearITPendingBit                  0x0800167a   Section        0  stm32f10x_tim.o(i.TIM_ClearITPendingBit)
    i.TIM_Cmd                                0x08001680   Section        0  stm32f10x_tim.o(i.TIM_Cmd)
    i.TIM_DeInit                             0x08001698   Section        0  stm32f10x_tim.o(i.TIM_DeInit)
    i.TIM_EncoderInterfaceConfig             0x08001880   Section        0  stm32f10x_tim.o(i.TIM_EncoderInterfaceConfig)
    i.TIM_GetITStatus                        0x080018c2   Section        0  stm32f10x_tim.o(i.TIM_GetITStatus)
    i.TIM_ICInit                             0x080018e4   Section        0  stm32f10x_tim.o(i.TIM_ICInit)
    i.TIM_ICStructInit                       0x08001990   Section        0  stm32f10x_tim.o(i.TIM_ICStructInit)
    i.TIM_ITConfig                           0x080019a2   Section        0  stm32f10x_tim.o(i.TIM_ITConfig)
    i.TIM_OC1Init                            0x080019b4   Section        0  stm32f10x_tim.o(i.TIM_OC1Init)
    i.TIM_OC1PreloadConfig                   0x08001a4c   Section        0  stm32f10x_tim.o(i.TIM_OC1PreloadConfig)
    i.TIM_OC2Init                            0x08001a60   Section        0  stm32f10x_tim.o(i.TIM_OC2Init)
    i.TIM_OC2PreloadConfig                   0x08001b04   Section        0  stm32f10x_tim.o(i.TIM_OC2PreloadConfig)
    i.TIM_SetCompare1                        0x08001b1e   Section        0  stm32f10x_tim.o(i.TIM_SetCompare1)
    i.TIM_SetCompare2                        0x08001b22   Section        0  stm32f10x_tim.o(i.TIM_SetCompare2)
    i.TIM_SetCounter                         0x08001b26   Section        0  stm32f10x_tim.o(i.TIM_SetCounter)
    i.TIM_SetIC1Prescaler                    0x08001b2a   Section        0  stm32f10x_tim.o(i.TIM_SetIC1Prescaler)
    i.TIM_SetIC2Prescaler                    0x08001b3c   Section        0  stm32f10x_tim.o(i.TIM_SetIC2Prescaler)
    i.TIM_SetIC3Prescaler                    0x08001b56   Section        0  stm32f10x_tim.o(i.TIM_SetIC3Prescaler)
    i.TIM_SetIC4Prescaler                    0x08001b68   Section        0  stm32f10x_tim.o(i.TIM_SetIC4Prescaler)
    i.TIM_TimeBaseInit                       0x08001b84   Section        0  stm32f10x_tim.o(i.TIM_TimeBaseInit)
    i.UsageFault_Handler                     0x08001c28   Section        0  stm32f10x_it.o(i.UsageFault_Handler)
    i.Write_IIC_Byte                         0x08001c2c   Section        0  gpio_iicoled.o(i.Write_IIC_Byte)
    Write_IIC_Byte                           0x08001c2d   Thumb Code   104  gpio_iicoled.o(i.Write_IIC_Byte)
    i.Write_IIC_Command                      0x08001c98   Section        0  gpio_iicoled.o(i.Write_IIC_Command)
    Write_IIC_Command                        0x08001c99   Thumb Code    32  gpio_iicoled.o(i.Write_IIC_Command)
    i.Write_IIC_Data                         0x08001cb8   Section        0  gpio_iicoled.o(i.Write_IIC_Data)
    Write_IIC_Data                           0x08001cb9   Thumb Code    32  gpio_iicoled.o(i.Write_IIC_Data)
    i.__scatterload_copy                     0x08001cd8   Section       14  handlers.o(i.__scatterload_copy)
    i.__scatterload_null                     0x08001ce6   Section        2  handlers.o(i.__scatterload_null)
    i.__scatterload_zeroinit                 0x08001ce8   Section       14  handlers.o(i.__scatterload_zeroinit)
    i.calc_motor_rotate_speed                0x08001cf8   Section        0  encoder.o(i.calc_motor_rotate_speed)
    i.delay_m                                0x08001e64   Section        0  gpio_iicoled.o(i.delay_m)
    delay_m                                  0x08001e65   Thumb Code    24  gpio_iicoled.o(i.delay_m)
    i.delay_u                                0x08001e7c   Section        0  gpio_iicoled.o(i.delay_u)
    delay_u                                  0x08001e7d   Thumb Code    28  gpio_iicoled.o(i.delay_u)
    i.main                                   0x08001e98   Section        0  main.o(i.main)
    i.oled_pow                               0x08001ef0   Section        0  gpio_iicoled.o(i.oled_pow)
    i.read_encoder                           0x08001f08   Section        0  encoder.o(i.read_encoder)
    .constdata                               0x08001f24   Section     3288  gpio_iicoled.o(.constdata)
    .data                                    0x20000000   Section       44  encoder.o(.data)
    SetPoint                                 0x20000020   Data           4  encoder.o(.data)
    .data                                    0x2000002c   Section       32  pidencoder.o(.data)
    sptr                                     0x20000048   Data           4  pidencoder.o(.data)
    .data                                    0x2000004c   Section       20  stm32f10x_rcc.o(.data)
    APBAHBPrescTable                         0x2000004c   Data          16  stm32f10x_rcc.o(.data)
    ADCPrescTable                            0x2000005c   Data           4  stm32f10x_rcc.o(.data)
    .bss                                     0x20000060   Section       32  pidencoder.o(.bss)
    sPID                                     0x20000060   Data          32  pidencoder.o(.bss)
    STACK                                    0x20000080   Section     1024  startup_stm32f10x_hd.o(STACK)

    Global Symbols

    Symbol Name                              Value     Ov Type        Size  Object(Section)

    BuildAttributes$$THM_ISAv4$P$D$K$B$S$PE$A:L22UL41UL21$X:L11$S22US41US21$IEEE1$IW$USESV6$~STKCKD$USESV7$~SHL$OTIME$ROPI$EBA8$MICROLIB$REQ8$PRES8$EABIv2 0x00000000   Number         0  anon$$obj.o ABSOLUTE
    __ARM_use_no_argv                        0x00000000   Number         0  main.o ABSOLUTE
    __cpp_initialize__aeabi_                  - Undefined Weak Reference
    __cxa_finalize                            - Undefined Weak Reference
    __decompress                              - Undefined Weak Reference
    _clock_init                               - Undefined Weak Reference
    _microlib_exit                            - Undefined Weak Reference
    __Vectors_Size                           0x00000130   Number         0  startup_stm32f10x_hd.o ABSOLUTE
    __Vectors                                0x08000000   Data           4  startup_stm32f10x_hd.o(RESET)
    __Vectors_End                            0x08000130   Data           0  startup_stm32f10x_hd.o(RESET)
    __main                                   0x08000131   Thumb Code     0  entry.o(.ARM.Collect$$$$00000000)
    _main_stk                                0x08000131   Thumb Code     0  entry2.o(.ARM.Collect$$$$00000001)
    _main_scatterload                        0x08000135   Thumb Code     0  entry5.o(.ARM.Collect$$$$00000004)
    __main_after_scatterload                 0x08000139   Thumb Code     0  entry5.o(.ARM.Collect$$$$00000004)
    _main_clock                              0x08000139   Thumb Code     0  entry7b.o(.ARM.Collect$$$$00000008)
    _main_cpp_init                           0x08000139   Thumb Code     0  entry8b.o(.ARM.Collect$$$$0000000A)
    _main_init                               0x08000139   Thumb Code     0  entry9a.o(.ARM.Collect$$$$0000000B)
    __rt_final_cpp                           0x08000141   Thumb Code     0  entry10a.o(.ARM.Collect$$$$0000000D)
    __rt_final_exit                          0x08000141   Thumb Code     0  entry11a.o(.ARM.Collect$$$$0000000F)
    Reset_Handler                            0x08000145   Thumb Code     8  startup_stm32f10x_hd.o(.text)
    ADC1_2_IRQHandler                        0x0800015f   Thumb Code     0  startup_stm32f10x_hd.o(.text)
    ADC3_IRQHandler                          0x0800015f   Thumb Code     0  startup_stm32f10x_hd.o(.text)
    CAN1_RX1_IRQHandler                      0x0800015f   Thumb Code     0  startup_stm32f10x_hd.o(.text)
    CAN1_SCE_IRQHandler                      0x0800015f   Thumb Code     0  startup_stm32f10x_hd.o(.text)
    DMA1_Channel1_IRQHandler                 0x0800015f   Thumb Code     0  startup_stm32f10x_hd.o(.text)
    DMA1_Channel2_IRQHandler                 0x0800015f   Thumb Code     0  startup_stm32f10x_hd.o(.text)
    DMA1_Channel3_IRQHandler                 0x0800015f   Thumb Code     0  startup_stm32f10x_hd.o(.text)
    DMA1_Channel4_IRQHandler                 0x0800015f   Thumb Code     0  startup_stm32f10x_hd.o(.text)
    DMA1_Channel5_IRQHandler                 0x0800015f   Thumb Code     0  startup_stm32f10x_hd.o(.text)
    DMA1_Channel6_IRQHandler                 0x0800015f   Thumb Code     0  startup_stm32f10x_hd.o(.text)
    DMA1_Channel7_IRQHandler                 0x0800015f   Thumb Code     0  startup_stm32f10x_hd.o(.text)
    DMA2_Channel1_IRQHandler                 0x0800015f   Thumb Code     0  startup_stm32f10x_hd.o(.text)
    DMA2_Channel2_IRQHandler                 0x0800015f   Thumb Code     0  startup_stm32f10x_hd.o(.text)
    DMA2_Channel3_IRQHandler                 0x0800015f   Thumb Code     0  startup_stm32f10x_hd.o(.text)
    DMA2_Channel4_5_IRQHandler               0x0800015f   Thumb Code     0  startup_stm32f10x_hd.o(.text)
    EXTI0_IRQHandler                         0x0800015f   Thumb Code     0  startup_stm32f10x_hd.o(.text)
    EXTI15_10_IRQHandler                     0x0800015f   Thumb Code     0  startup_stm32f10x_hd.o(.text)
    EXTI1_IRQHandler                         0x0800015f   Thumb Code     0  startup_stm32f10x_hd.o(.text)
    EXTI2_IRQHandler                         0x0800015f   Thumb Code     0  startup_stm32f10x_hd.o(.text)
    EXTI3_IRQHandler                         0x0800015f   Thumb Code     0  startup_stm32f10x_hd.o(.text)
    EXTI4_IRQHandler                         0x0800015f   Thumb Code     0  startup_stm32f10x_hd.o(.text)
    EXTI9_5_IRQHandler                       0x0800015f   Thumb Code     0  startup_stm32f10x_hd.o(.text)
    FLASH_IRQHandler                         0x0800015f   Thumb Code     0  startup_stm32f10x_hd.o(.text)
    FSMC_IRQHandler                          0x0800015f   Thumb Code     0  startup_stm32f10x_hd.o(.text)
    I2C1_ER_IRQHandler                       0x0800015f   Thumb Code     0  startup_stm32f10x_hd.o(.text)
    I2C1_EV_IRQHandler                       0x0800015f   Thumb Code     0  startup_stm32f10x_hd.o(.text)
    I2C2_ER_IRQHandler                       0x0800015f   Thumb Code     0  startup_stm32f10x_hd.o(.text)
    I2C2_EV_IRQHandler                       0x0800015f   Thumb Code     0  startup_stm32f10x_hd.o(.text)
    PVD_IRQHandler                           0x0800015f   Thumb Code     0  startup_stm32f10x_hd.o(.text)
    RCC_IRQHandler                           0x0800015f   Thumb Code     0  startup_stm32f10x_hd.o(.text)
    RTCAlarm_IRQHandler                      0x0800015f   Thumb Code     0  startup_stm32f10x_hd.o(.text)
    RTC_IRQHandler                           0x0800015f   Thumb Code     0  startup_stm32f10x_hd.o(.text)
    SDIO_IRQHandler                          0x0800015f   Thumb Code     0  startup_stm32f10x_hd.o(.text)
    SPI1_IRQHandler                          0x0800015f   Thumb Code     0  startup_stm32f10x_hd.o(.text)
    SPI2_IRQHandler                          0x0800015f   Thumb Code     0  startup_stm32f10x_hd.o(.text)
    SPI3_IRQHandler                          0x0800015f   Thumb Code     0  startup_stm32f10x_hd.o(.text)
    TAMPER_IRQHandler                        0x0800015f   Thumb Code     0  startup_stm32f10x_hd.o(.text)
    TIM1_BRK_IRQHandler                      0x0800015f   Thumb Code     0  startup_stm32f10x_hd.o(.text)
    TIM1_CC_IRQHandler                       0x0800015f   Thumb Code     0  startup_stm32f10x_hd.o(.text)
    TIM1_TRG_COM_IRQHandler                  0x0800015f   Thumb Code     0  startup_stm32f10x_hd.o(.text)
    TIM1_UP_IRQHandler                       0x0800015f   Thumb Code     0  startup_stm32f10x_hd.o(.text)
    TIM3_IRQHandler                          0x0800015f   Thumb Code     0  startup_stm32f10x_hd.o(.text)
    TIM5_IRQHandler                          0x0800015f   Thumb Code     0  startup_stm32f10x_hd.o(.text)
    TIM6_IRQHandler                          0x0800015f   Thumb Code     0  startup_stm32f10x_hd.o(.text)
    TIM7_IRQHandler                          0x0800015f   Thumb Code     0  startup_stm32f10x_hd.o(.text)
    TIM8_BRK_IRQHandler                      0x0800015f   Thumb Code     0  startup_stm32f10x_hd.o(.text)
    TIM8_CC_IRQHandler                       0x0800015f   Thumb Code     0  startup_stm32f10x_hd.o(.text)
    TIM8_TRG_COM_IRQHandler                  0x0800015f   Thumb Code     0  startup_stm32f10x_hd.o(.text)
    TIM8_UP_IRQHandler                       0x0800015f   Thumb Code     0  startup_stm32f10x_hd.o(.text)
    UART4_IRQHandler                         0x0800015f   Thumb Code     0  startup_stm32f10x_hd.o(.text)
    UART5_IRQHandler                         0x0800015f   Thumb Code     0  startup_stm32f10x_hd.o(.text)
    USART1_IRQHandler                        0x0800015f   Thumb Code     0  startup_stm32f10x_hd.o(.text)
    USART2_IRQHandler                        0x0800015f   Thumb Code     0  startup_stm32f10x_hd.o(.text)
    USART3_IRQHandler                        0x0800015f   Thumb Code     0  startup_stm32f10x_hd.o(.text)
    USBWakeUp_IRQHandler                     0x0800015f   Thumb Code     0  startup_stm32f10x_hd.o(.text)
    USB_HP_CAN1_TX_IRQHandler                0x0800015f   Thumb Code     0  startup_stm32f10x_hd.o(.text)
    USB_LP_CAN1_RX0_IRQHandler               0x0800015f   Thumb Code     0  startup_stm32f10x_hd.o(.text)
    WWDG_IRQHandler                          0x0800015f   Thumb Code     0  startup_stm32f10x_hd.o(.text)
    __aeabi_dadd                             0x08000169   Thumb Code   322  dadd.o(.text)
    __aeabi_dsub                             0x080002ab   Thumb Code     6  dadd.o(.text)
    __aeabi_drsub                            0x080002b1   Thumb Code     6  dadd.o(.text)
    __aeabi_dmul                             0x080002b7   Thumb Code   228  dmul.o(.text)
    __aeabi_ddiv                             0x0800039b   Thumb Code   222  ddiv.o(.text)
    __aeabi_i2d                              0x08000479   Thumb Code    34  dflti.o(.text)
    __aeabi_f2iz                             0x0800049b   Thumb Code    50  ffixi.o(.text)
    __aeabi_f2uiz                            0x080004cd   Thumb Code    40  ffixui.o(.text)
    __aeabi_d2iz                             0x080004f5   Thumb Code    62  dfixi.o(.text)
    __aeabi_d2f                              0x08000533   Thumb Code    56  d2f.o(.text)
    __aeabi_llsl                             0x0800056b   Thumb Code    30  llshl.o(.text)
    _ll_shift_l                              0x0800056b   Thumb Code     0  llshl.o(.text)
    __aeabi_llsr                             0x08000589   Thumb Code    32  llushr.o(.text)
    _ll_ushift_r                             0x08000589   Thumb Code     0  llushr.o(.text)
    __aeabi_lasr                             0x080005a9   Thumb Code    36  llsshr.o(.text)
    _ll_sshift_r                             0x080005a9   Thumb Code     0  llsshr.o(.text)
    __I$use$fp                               0x080005cd   Thumb Code     0  iusefp.o(.text)
    _float_round                             0x080005cd   Thumb Code    18  fepilogue.o(.text)
    _float_epilogue                          0x080005df   Thumb Code    92  fepilogue.o(.text)
    _double_round                            0x0800063b   Thumb Code    30  depilogue.o(.text)
    _double_epilogue                         0x08000659   Thumb Code   156  depilogue.o(.text)
    __scatterload                            0x080006f5   Thumb Code    28  init.o(.text)
    __scatterload_rt2                        0x080006f5   Thumb Code     0  init.o(.text)
    BusFault_Handler                         0x08000719   Thumb Code     4  stm32f10x_it.o(i.BusFault_Handler)
    DebugMon_Handler                         0x0800071d   Thumb Code     2  stm32f10x_it.o(i.DebugMon_Handler)
    GPIO_IicoledInit                         0x08000721   Thumb Code    52  gpio_iicoled.o(i.GPIO_IicoledInit)
    GPIO_Init                                0x08000759   Thumb Code   278  stm32f10x_gpio.o(i.GPIO_Init)
    GPIO_ReadInputDataBit                    0x0800086f   Thumb Code    18  stm32f10x_gpio.o(i.GPIO_ReadInputDataBit)
    GPIO_ResetBits                           0x08000881   Thumb Code     4  stm32f10x_gpio.o(i.GPIO_ResetBits)
    GPIO_SetBits                             0x08000885   Thumb Code     4  stm32f10x_gpio.o(i.GPIO_SetBits)
    GPIO_StructInit                          0x08000889   Thumb Code    16  stm32f10x_gpio.o(i.GPIO_StructInit)
    HardFault_Handler                        0x08000899   Thumb Code     4  stm32f10x_it.o(i.HardFault_Handler)
    I2C_Cmd                                  0x0800089d   Thumb Code    24  stm32f10x_i2c.o(i.I2C_Cmd)
    I2C_DeInit                               0x080008b5   Thumb Code    50  stm32f10x_i2c.o(i.I2C_DeInit)
    I2C_Init                                 0x080008ed   Thumb Code   222  stm32f10x_i2c.o(i.I2C_Init)
    I2C_configuration                        0x080009d9   Thumb Code   110  oled.o(i.I2C_configuration)
    MS_delay                                 0x08000aa9   Thumb Code    54  systick.o(i.MS_delay)
    MemManage_Handler                        0x08000ae5   Thumb Code     4  stm32f10x_it.o(i.MemManage_Handler)
    NMI_Handler                              0x08000ae9   Thumb Code     2  stm32f10x_it.o(i.NMI_Handler)
    NVIC_Init                                0x08000aed   Thumb Code   100  misc.o(i.NVIC_Init)
    NVIC_PriorityGroupConfig                 0x08000b5d   Thumb Code    10  misc.o(i.NVIC_PriorityGroupConfig)
    OLED_Init                                0x08000be1   Thumb Code   226  gpio_iicoled.o(i.OLED_Init)
    OLED_Set_Pos                             0x08000cc3   Thumb Code    42  gpio_iicoled.o(i.OLED_Set_Pos)
    OLED_ShouChar                            0x08000ced   Thumb Code   106  gpio_iicoled.o(i.OLED_ShouChar)
    OLED_ShowNum                             0x08000d5d   Thumb Code   132  gpio_iicoled.o(i.OLED_ShowNum)
    OLED_ShowString                          0x08000de1   Thumb Code    54  gpio_iicoled.o(i.OLED_ShowString)
    OLED_WR_Byte                             0x08000e17   Thumb Code    24  gpio_iicoled.o(i.OLED_WR_Byte)
    OLED_clear                               0x08000e2f   Thumb Code    64  gpio_iicoled.o(i.OLED_clear)
    PID_Calc                                 0x08000e71   Thumb Code   168  pidencoder.o(i.PID_Calc)
    PID_Init                                 0x08000f1d   Thumb Code    50  pidencoder.o(i.PID_Init)
    PendSV_Handler                           0x08000f65   Thumb Code     2  stm32f10x_it.o(i.PendSV_Handler)
    RCC_APB1PeriphClockCmd                   0x08000f69   Thumb Code    26  stm32f10x_rcc.o(i.RCC_APB1PeriphClockCmd)
    RCC_APB1PeriphResetCmd                   0x08000f89   Thumb Code    26  stm32f10x_rcc.o(i.RCC_APB1PeriphResetCmd)
    RCC_APB2PeriphClockCmd                   0x08000fa9   Thumb Code    26  stm32f10x_rcc.o(i.RCC_APB2PeriphClockCmd)
    RCC_APB2PeriphResetCmd                   0x08000fc9   Thumb Code    26  stm32f10x_rcc.o(i.RCC_APB2PeriphResetCmd)
    RCC_GetClocksFreq                        0x08000fe9   Thumb Code   192  stm32f10x_rcc.o(i.RCC_GetClocksFreq)
    SVC_Handler                              0x080010bd   Thumb Code     2  stm32f10x_it.o(i.SVC_Handler)
    SysTick_Handler                          0x080011fd   Thumb Code     2  stm32f10x_it.o(i.SysTick_Handler)
    SystemInit                               0x08001201   Thumb Code    78  system_stm32f10x.o(i.SystemInit)
    TIM2_IRQHandler                          0x080014a1   Thumb Code    26  main.o(i.TIM2_IRQHandler)
    TIM2_Int_Init                            0x080014bb   Thumb Code    92  encodertim.o(i.TIM2_Int_Init)
    TIM3_PWM_Init                            0x08001519   Thumb Code   138  iopwm.o(i.TIM3_PWM_Init)
    TIM4_ENCODER_Init                        0x080015ad   Thumb Code   168  encoder.o(i.TIM4_ENCODER_Init)
    TIM4_IRQHandler                          0x0800165d   Thumb Code    18  encoder.o(i.TIM4_IRQHandler)
    TIM_ClearFlag                            0x08001675   Thumb Code     6  stm32f10x_tim.o(i.TIM_ClearFlag)
    TIM_ClearITPendingBit                    0x0800167b   Thumb Code     6  stm32f10x_tim.o(i.TIM_ClearITPendingBit)
    TIM_Cmd                                  0x08001681   Thumb Code    24  stm32f10x_tim.o(i.TIM_Cmd)
    TIM_DeInit                               0x08001699   Thumb Code   424  stm32f10x_tim.o(i.TIM_DeInit)
    TIM_EncoderInterfaceConfig               0x08001881   Thumb Code    66  stm32f10x_tim.o(i.TIM_EncoderInterfaceConfig)
    TIM_GetITStatus                          0x080018c3   Thumb Code    34  stm32f10x_tim.o(i.TIM_GetITStatus)
    TIM_ICInit                               0x080018e5   Thumb Code   150  stm32f10x_tim.o(i.TIM_ICInit)
    TIM_ICStructInit                         0x08001991   Thumb Code    18  stm32f10x_tim.o(i.TIM_ICStructInit)
    TIM_ITConfig                             0x080019a3   Thumb Code    18  stm32f10x_tim.o(i.TIM_ITConfig)
    TIM_OC1Init                              0x080019b5   Thumb Code   132  stm32f10x_tim.o(i.TIM_OC1Init)
    TIM_OC1PreloadConfig                     0x08001a4d   Thumb Code    18  stm32f10x_tim.o(i.TIM_OC1PreloadConfig)
    TIM_OC2Init                              0x08001a61   Thumb Code   154  stm32f10x_tim.o(i.TIM_OC2Init)
    TIM_OC2PreloadConfig                     0x08001b05   Thumb Code    26  stm32f10x_tim.o(i.TIM_OC2PreloadConfig)
    TIM_SetCompare1                          0x08001b1f   Thumb Code     4  stm32f10x_tim.o(i.TIM_SetCompare1)
    TIM_SetCompare2                          0x08001b23   Thumb Code     4  stm32f10x_tim.o(i.TIM_SetCompare2)
    TIM_SetCounter                           0x08001b27   Thumb Code     4  stm32f10x_tim.o(i.TIM_SetCounter)
    TIM_SetIC1Prescaler                      0x08001b2b   Thumb Code    18  stm32f10x_tim.o(i.TIM_SetIC1Prescaler)
    TIM_SetIC2Prescaler                      0x08001b3d   Thumb Code    26  stm32f10x_tim.o(i.TIM_SetIC2Prescaler)
    TIM_SetIC3Prescaler                      0x08001b57   Thumb Code    18  stm32f10x_tim.o(i.TIM_SetIC3Prescaler)
    TIM_SetIC4Prescaler                      0x08001b69   Thumb Code    26  stm32f10x_tim.o(i.TIM_SetIC4Prescaler)
    TIM_TimeBaseInit                         0x08001b85   Thumb Code   122  stm32f10x_tim.o(i.TIM_TimeBaseInit)
    UsageFault_Handler                       0x08001c29   Thumb Code     4  stm32f10x_it.o(i.UsageFault_Handler)
    __scatterload_copy                       0x08001cd9   Thumb Code    14  handlers.o(i.__scatterload_copy)
    __scatterload_null                       0x08001ce7   Thumb Code     2  handlers.o(i.__scatterload_null)
    __scatterload_zeroinit                   0x08001ce9   Thumb Code    14  handlers.o(i.__scatterload_zeroinit)
    calc_motor_rotate_speed                  0x08001cf9   Thumb Code   282  encoder.o(i.calc_motor_rotate_speed)
    main                                     0x08001e99   Thumb Code    82  main.o(i.main)
    oled_pow                                 0x08001ef1   Thumb Code    22  gpio_iicoled.o(i.oled_pow)
    read_encoder                             0x08001f09   Thumb Code    24  encoder.o(i.read_encoder)
    F6x8                                     0x08001f24   Data         552  gpio_iicoled.o(.constdata)
    F8X16                                    0x0800214c   Data        1520  gpio_iicoled.o(.constdata)
    Hzk                                      0x0800273c   Data        1024  gpio_iicoled.o(.constdata)
    LWL                                      0x08002b3c   Data         192  gpio_iicoled.o(.constdata)
    Region$$Table$$Base                      0x08002bfc   Number         0  anon$$obj.o(Region$$Table)
    Region$$Table$$Limit                     0x08002c1c   Number         0  anon$$obj.o(Region$$Table)
    encoderNum                               0x20000000   Data           4  encoder.o(.data)
    rotateSpeed                              0x20000004   Data           4  encoder.o(.data)
    Speed                                    0x20000008   Data           4  encoder.o(.data)
    Speed2                                   0x2000000c   Data           4  encoder.o(.data)
    para_L                                   0x20000010   Data           4  encoder.o(.data)
    para_R                                   0x20000014   Data           4  encoder.o(.data)
    Encoder_Left                             0x20000018   Data           4  encoder.o(.data)
    Encoder_Right                            0x2000001c   Data           4  encoder.o(.data)
    Moto_Left                                0x20000024   Data           4  encoder.o(.data)
    Moto_Right                               0x20000028   Data           4  encoder.o(.data)
    Left_t                                   0x2000002c   Data           4  pidencoder.o(.data)
    Right_t                                  0x20000030   Data           4  pidencoder.o(.data)
    Encoder_R                                0x20000034   Data           4  pidencoder.o(.data)
    Encoder_L                                0x20000038   Data           4  pidencoder.o(.data)
    key                                      0x2000003c   Data           1  pidencoder.o(.data)
    BMQMB                                    0x20000040   Data           4  pidencoder.o(.data)
    BFBMQMB                                  0x20000044   Data           4  pidencoder.o(.data)
    __initial_sp                             0x20000480   Data           0  startup_stm32f10x_hd.o(STACK)



==============================================================================

Memory Map of the image

  Image Entry point : 0x08000145

  Load Region LR_1 (Base: 0x08000000, Size: 0x00002c7c, Max: 0xffffffff, ABSOLUTE)

    Execution Region ER_RO (Base: 0x08000000, Size: 0x00002c1c, Max: 0xffffffff, ABSOLUTE)

    Base Addr    Size         Type   Attr      Idx    E Section Name        Object

    0x08000000   0x00000130   Data   RO            3    RESET               startup_stm32f10x_hd.o
    0x08000130   0x00000000   Code   RO         3170  * .ARM.Collect$$$$00000000  mc_w.l(entry.o)
    0x08000130   0x00000004   Code   RO         3189    .ARM.Collect$$$$00000001  mc_w.l(entry2.o)
    0x08000134   0x00000004   Code   RO         3192    .ARM.Collect$$$$00000004  mc_w.l(entry5.o)
    0x08000138   0x00000000   Code   RO         3194    .ARM.Collect$$$$00000008  mc_w.l(entry7b.o)
    0x08000138   0x00000000   Code   RO         3196    .ARM.Collect$$$$0000000A  mc_w.l(entry8b.o)
    0x08000138   0x00000008   Code   RO         3197    .ARM.Collect$$$$0000000B  mc_w.l(entry9a.o)
    0x08000140   0x00000000   Code   RO         3199    .ARM.Collect$$$$0000000D  mc_w.l(entry10a.o)
    0x08000140   0x00000000   Code   RO         3201    .ARM.Collect$$$$0000000F  mc_w.l(entry11a.o)
    0x08000140   0x00000004   Code   RO         3190    .ARM.Collect$$$$00002712  mc_w.l(entry2.o)
    0x08000144   0x00000024   Code   RO            4  * .text               startup_stm32f10x_hd.o
    0x08000168   0x0000014e   Code   RO         3173    .text               mf_w.l(dadd.o)
    0x080002b6   0x000000e4   Code   RO         3175    .text               mf_w.l(dmul.o)
    0x0800039a   0x000000de   Code   RO         3177    .text               mf_w.l(ddiv.o)
    0x08000478   0x00000022   Code   RO         3179    .text               mf_w.l(dflti.o)
    0x0800049a   0x00000032   Code   RO         3181    .text               mf_w.l(ffixi.o)
    0x080004cc   0x00000028   Code   RO         3183    .text               mf_w.l(ffixui.o)
    0x080004f4   0x0000003e   Code   RO         3185    .text               mf_w.l(dfixi.o)
    0x08000532   0x00000038   Code   RO         3187    .text               mf_w.l(d2f.o)
    0x0800056a   0x0000001e   Code   RO         3203    .text               mc_w.l(llshl.o)
    0x08000588   0x00000020   Code   RO         3205    .text               mc_w.l(llushr.o)
    0x080005a8   0x00000024   Code   RO         3207    .text               mc_w.l(llsshr.o)
    0x080005cc   0x00000000   Code   RO         3209    .text               mc_w.l(iusefp.o)
    0x080005cc   0x0000006e   Code   RO         3210    .text               mf_w.l(fepilogue.o)
    0x0800063a   0x000000ba   Code   RO         3212    .text               mf_w.l(depilogue.o)
    0x080006f4   0x00000024   Code   RO         3214    .text               mc_w.l(init.o)
    0x08000718   0x00000004   Code   RO          149    i.BusFault_Handler  stm32f10x_it.o
    0x0800071c   0x00000002   Code   RO          150    i.DebugMon_Handler  stm32f10x_it.o
    0x0800071e   0x00000002   PAD
    0x08000720   0x00000038   Code   RO          255    i.GPIO_IicoledInit  gpio_iicoled.o
    0x08000758   0x00000116   Code   RO         1513    i.GPIO_Init         stm32f10x_gpio.o
    0x0800086e   0x00000012   Code   RO         1517    i.GPIO_ReadInputDataBit  stm32f10x_gpio.o
    0x08000880   0x00000004   Code   RO         1520    i.GPIO_ResetBits    stm32f10x_gpio.o
    0x08000884   0x00000004   Code   RO         1521    i.GPIO_SetBits      stm32f10x_gpio.o
    0x08000888   0x00000010   Code   RO         1522    i.GPIO_StructInit   stm32f10x_gpio.o
    0x08000898   0x00000004   Code   RO          151    i.HardFault_Handler  stm32f10x_it.o
    0x0800089c   0x00000018   Code   RO         1627    i.I2C_Cmd           stm32f10x_i2c.o
    0x080008b4   0x00000038   Code   RO         1630    i.I2C_DeInit        stm32f10x_i2c.o
    0x080008ec   0x000000ec   Code   RO         1641    i.I2C_Init          stm32f10x_i2c.o
    0x080009d8   0x0000007c   Code   RO          487    i.I2C_configuration  oled.o
    0x08000a54   0x00000054   Code   RO          256    i.IIC_Wait_Ack      gpio_iicoled.o
    0x08000aa8   0x0000003c   Code   RO         3143    i.MS_delay          systick.o
    0x08000ae4   0x00000004   Code   RO          152    i.MemManage_Handler  stm32f10x_it.o
    0x08000ae8   0x00000002   Code   RO          153    i.NMI_Handler       stm32f10x_it.o
    0x08000aea   0x00000002   PAD
    0x08000aec   0x00000070   Code   RO          560    i.NVIC_Init         misc.o
    0x08000b5c   0x00000014   Code   RO          561    i.NVIC_PriorityGroupConfig  misc.o
    0x08000b70   0x0000003c   Code   RO          259    i.OLED_IIC_Start    gpio_iicoled.o
    0x08000bac   0x00000034   Code   RO          260    i.OLED_IIC_Stop     gpio_iicoled.o
    0x08000be0   0x000000e2   Code   RO          261    i.OLED_Init         gpio_iicoled.o
    0x08000cc2   0x0000002a   Code   RO          262    i.OLED_Set_Pos      gpio_iicoled.o
    0x08000cec   0x00000070   Code   RO          263    i.OLED_ShouChar     gpio_iicoled.o
    0x08000d5c   0x00000084   Code   RO          265    i.OLED_ShowNum      gpio_iicoled.o
    0x08000de0   0x00000036   Code   RO          266    i.OLED_ShowString   gpio_iicoled.o
    0x08000e16   0x00000018   Code   RO          267    i.OLED_WR_Byte      gpio_iicoled.o
    0x08000e2e   0x00000040   Code   RO          268    i.OLED_clear        gpio_iicoled.o
    0x08000e6e   0x00000002   PAD
    0x08000e70   0x000000ac   Code   RO          452    i.PID_Calc          pidencoder.o
    0x08000f1c   0x00000048   Code   RO          453    i.PID_Init          pidencoder.o
    0x08000f64   0x00000002   Code   RO          154    i.PendSV_Handler    stm32f10x_it.o
    0x08000f66   0x00000002   PAD
    0x08000f68   0x00000020   Code   RO         1929    i.RCC_APB1PeriphClockCmd  stm32f10x_rcc.o
    0x08000f88   0x00000020   Code   RO         1930    i.RCC_APB1PeriphResetCmd  stm32f10x_rcc.o
    0x08000fa8   0x00000020   Code   RO         1931    i.RCC_APB2PeriphClockCmd  stm32f10x_rcc.o
    0x08000fc8   0x00000020   Code   RO         1932    i.RCC_APB2PeriphResetCmd  stm32f10x_rcc.o
    0x08000fe8   0x000000d4   Code   RO         1939    i.RCC_GetClocksFreq  stm32f10x_rcc.o
    0x080010bc   0x00000002   Code   RO          155    i.SVC_Handler       stm32f10x_it.o
    0x080010be   0x00000008   Code   RO          526    i.SetSysClock       system_stm32f10x.o
    0x080010c6   0x00000002   PAD
    0x080010c8   0x000000e0   Code   RO          527    i.SetSysClockTo72   system_stm32f10x.o
    0x080011a8   0x00000054   Code   RO         3144    i.SysTick_Config    systick.o
    0x080011fc   0x00000002   Code   RO          156    i.SysTick_Handler   stm32f10x_it.o
    0x080011fe   0x00000002   PAD
    0x08001200   0x00000060   Code   RO          529    i.SystemInit        system_stm32f10x.o
    0x08001260   0x00000080   Code   RO         2361    i.TI1_Config        stm32f10x_tim.o
    0x080012e0   0x00000098   Code   RO         2362    i.TI2_Config        stm32f10x_tim.o
    0x08001378   0x00000090   Code   RO         2363    i.TI3_Config        stm32f10x_tim.o
    0x08001408   0x00000098   Code   RO         2364    i.TI4_Config        stm32f10x_tim.o
    0x080014a0   0x0000001a   Code   RO           10    i.TIM2_IRQHandler   main.o
    0x080014ba   0x0000005c   Code   RO          440    i.TIM2_Int_Init     encodertim.o
    0x08001516   0x00000002   PAD
    0x08001518   0x00000094   Code   RO          428    i.TIM3_PWM_Init     iopwm.o
    0x080015ac   0x000000b0   Code   RO          380    i.TIM4_ENCODER_Init  encoder.o
    0x0800165c   0x00000018   Code   RO          381    i.TIM4_IRQHandler   encoder.o
    0x08001674   0x00000006   Code   RO         2371    i.TIM_ClearFlag     stm32f10x_tim.o
    0x0800167a   0x00000006   Code   RO         2372    i.TIM_ClearITPendingBit  stm32f10x_tim.o
    0x08001680   0x00000018   Code   RO         2377    i.TIM_Cmd           stm32f10x_tim.o
    0x08001698   0x000001e8   Code   RO         2382    i.TIM_DeInit        stm32f10x_tim.o
    0x08001880   0x00000042   Code   RO         2386    i.TIM_EncoderInterfaceConfig  stm32f10x_tim.o
    0x080018c2   0x00000022   Code   RO         2398    i.TIM_GetITStatus   stm32f10x_tim.o
    0x080018e4   0x000000ac   Code   RO         2400    i.TIM_ICInit        stm32f10x_tim.o
    0x08001990   0x00000012   Code   RO         2401    i.TIM_ICStructInit  stm32f10x_tim.o
    0x080019a2   0x00000012   Code   RO         2402    i.TIM_ITConfig      stm32f10x_tim.o
    0x080019b4   0x00000098   Code   RO         2406    i.TIM_OC1Init       stm32f10x_tim.o
    0x08001a4c   0x00000012   Code   RO         2409    i.TIM_OC1PreloadConfig  stm32f10x_tim.o
    0x08001a5e   0x00000002   PAD
    0x08001a60   0x000000a4   Code   RO         2411    i.TIM_OC2Init       stm32f10x_tim.o
    0x08001b04   0x0000001a   Code   RO         2414    i.TIM_OC2PreloadConfig  stm32f10x_tim.o
    0x08001b1e   0x00000004   Code   RO         2438    i.TIM_SetCompare1   stm32f10x_tim.o
    0x08001b22   0x00000004   Code   RO         2439    i.TIM_SetCompare2   stm32f10x_tim.o
    0x08001b26   0x00000004   Code   RO         2442    i.TIM_SetCounter    stm32f10x_tim.o
    0x08001b2a   0x00000012   Code   RO         2443    i.TIM_SetIC1Prescaler  stm32f10x_tim.o
    0x08001b3c   0x0000001a   Code   RO         2444    i.TIM_SetIC2Prescaler  stm32f10x_tim.o
    0x08001b56   0x00000012   Code   RO         2445    i.TIM_SetIC3Prescaler  stm32f10x_tim.o
    0x08001b68   0x0000001a   Code   RO         2446    i.TIM_SetIC4Prescaler  stm32f10x_tim.o
    0x08001b82   0x00000002   PAD
    0x08001b84   0x000000a4   Code   RO         2448    i.TIM_TimeBaseInit  stm32f10x_tim.o
    0x08001c28   0x00000004   Code   RO          157    i.UsageFault_Handler  stm32f10x_it.o
    0x08001c2c   0x0000006c   Code   RO          269    i.Write_IIC_Byte    gpio_iicoled.o
    0x08001c98   0x00000020   Code   RO          270    i.Write_IIC_Command  gpio_iicoled.o
    0x08001cb8   0x00000020   Code   RO          271    i.Write_IIC_Data    gpio_iicoled.o
    0x08001cd8   0x0000000e   Code   RO         3218    i.__scatterload_copy  mc_w.l(handlers.o)
    0x08001ce6   0x00000002   Code   RO         3219    i.__scatterload_null  mc_w.l(handlers.o)
    0x08001ce8   0x0000000e   Code   RO         3220    i.__scatterload_zeroinit  mc_w.l(handlers.o)
    0x08001cf6   0x00000002   PAD
    0x08001cf8   0x0000016c   Code   RO          382    i.calc_motor_rotate_speed  encoder.o
    0x08001e64   0x00000018   Code   RO          272    i.delay_m           gpio_iicoled.o
    0x08001e7c   0x0000001c   Code   RO          273    i.delay_u           gpio_iicoled.o
    0x08001e98   0x00000058   Code   RO           12    i.main              main.o
    0x08001ef0   0x00000016   Code   RO          274    i.oled_pow          gpio_iicoled.o
    0x08001f06   0x00000002   PAD
    0x08001f08   0x0000001c   Code   RO          383    i.read_encoder      encoder.o
    0x08001f24   0x00000cd8   Data   RO          275    .constdata          gpio_iicoled.o
    0x08002bfc   0x00000020   Data   RO         3216    Region$$Table       anon$$obj.o


    Execution Region ER_RW (Base: 0x20000000, Size: 0x00000060, Max: 0xffffffff, ABSOLUTE)

    Base Addr    Size         Type   Attr      Idx    E Section Name        Object

    0x20000000   0x0000002c   Data   RW          384    .data               encoder.o
    0x2000002c   0x00000020   Data   RW          455    .data               pidencoder.o
    0x2000004c   0x00000014   Data   RW         1959    .data               stm32f10x_rcc.o


    Execution Region ER_ZI (Base: 0x20000060, Size: 0x00000420, Max: 0xffffffff, ABSOLUTE)

    Base Addr    Size         Type   Attr      Idx    E Section Name        Object

    0x20000060   0x00000020   Zero   RW          454    .bss                pidencoder.o
    0x20000080   0x00000400   Zero   RW            1    STACK               startup_stm32f10x_hd.o


==============================================================================

Image component sizes


      Code (inc. data)   RO Data    RW Data    ZI Data      Debug   Object Name

       592        100          0         44          0       2747   encoder.o
        92          0          0          0          0        656   encodertim.o
      1152         32       3288          0          0      10335   gpio_iicoled.o
       148         10          0          0          0        700   iopwm.o
       114          6          0          0          0     254489   main.o
       132         22          0          0          0       1667   misc.o
       124         14          0          0          0        592   oled.o
       244         26          0         32         32       2085   pidencoder.o
        36          8        304          0       1024        856   startup_stm32f10x_hd.o
       320          0          0          0          0       4398   stm32f10x_gpio.o
       316         20          0          0          0       3658   stm32f10x_i2c.o
        26          0          0          0          0       3818   stm32f10x_it.o
       340         44          0         20          0       5820   stm32f10x_rcc.o
      2032        244          0          0          0      17231   stm32f10x_tim.o
       328         28          0          0          0       1953   system_stm32f10x.o
       144         14          0          0          0      16178   systick.o

    ----------------------------------------------------------------------
      6160        568       3624         96       1056     327183   Object Totals
         0          0         32          0          0          0   (incl. Generated)
        20          0          0          0          0          0   (incl. Padding)

    ----------------------------------------------------------------------

      Code (inc. data)   RO Data    RW Data    ZI Data      Debug   Library Member Name

         0          0          0          0          0          0   entry.o
         0          0          0          0          0          0   entry10a.o
         0          0          0          0          0          0   entry11a.o
         8          4          0          0          0          0   entry2.o
         4          0          0          0          0          0   entry5.o
         0          0          0          0          0          0   entry7b.o
         0          0          0          0          0          0   entry8b.o
         8          4          0          0          0          0   entry9a.o
        30          0          0          0          0          0   handlers.o
        36          8          0          0          0         68   init.o
         0          0          0          0          0          0   iusefp.o
        30          0          0          0          0         68   llshl.o
        36          0          0          0          0         68   llsshr.o
        32          0          0          0          0         68   llushr.o
        56          0          0          0          0         88   d2f.o
       334          0          0          0          0        148   dadd.o
       222          0          0          0          0        100   ddiv.o
       186          0          0          0          0        176   depilogue.o
        62          0          0          0          0         80   dfixi.o
        34          0          0          0          0         76   dflti.o
       228          0          0          0          0         96   dmul.o
       110          0          0          0          0        168   fepilogue.o
        50          0          0          0          0         68   ffixi.o
        40          0          0          0          0         68   ffixui.o

    ----------------------------------------------------------------------
      1508         16          0          0          0       1340   Library Totals
         2          0          0          0          0          0   (incl. Padding)

    ----------------------------------------------------------------------

      Code (inc. data)   RO Data    RW Data    ZI Data      Debug   Library Name

       184         16          0          0          0        272   mc_w.l
      1322          0          0          0          0       1068   mf_w.l

    ----------------------------------------------------------------------
      1508         16          0          0          0       1340   Library Totals

    ----------------------------------------------------------------------

==============================================================================


      Code (inc. data)   RO Data    RW Data    ZI Data      Debug   

      7668        584       3624         96       1056     323995   Grand Totals
      7668        584       3624         96       1056     323995   ELF Image Totals
      7668        584       3624         96          0          0   ROM Totals

==============================================================================

    Total RO  Size (Code + RO Data)                11292 (  11.03kB)
    Total RW  Size (RW Data + ZI Data)              1152 (   1.13kB)
    Total ROM Size (Code + RO Data + RW Data)      11388 (  11.12kB)

==============================================================================

